Component: ARM Compiler 5.06 update 7 (build 960) Tool: armlink [4d3601]

==============================================================================

Section Cross References

    startup_stm32f103xb.o(STACK) refers (Special) to heapauxi.o(.text) for __use_two_region_memory
    startup_stm32f103xb.o(HEAP) refers (Special) to heapauxi.o(.text) for __use_two_region_memory
    startup_stm32f103xb.o(RESET) refers (Special) to heapauxi.o(.text) for __use_two_region_memory
    startup_stm32f103xb.o(RESET) refers to startup_stm32f103xb.o(STACK) for __initial_sp
    startup_stm32f103xb.o(RESET) refers to startup_stm32f103xb.o(.text) for Reset_Handler
    startup_stm32f103xb.o(RESET) refers to stm32f1xx_it.o(i.NMI_Handler) for NMI_Handler
    startup_stm32f103xb.o(RESET) refers to stm32f1xx_it.o(i.HardFault_Handler) for HardFault_Handler
    startup_stm32f103xb.o(RESET) refers to stm32f1xx_it.o(i.MemManage_Handler) for MemManage_Handler
    startup_stm32f103xb.o(RESET) refers to stm32f1xx_it.o(i.BusFault_Handler) for BusFault_Handler
    startup_stm32f103xb.o(RESET) refers to stm32f1xx_it.o(i.UsageFault_Handler) for UsageFault_Handler
    startup_stm32f103xb.o(RESET) refers to port.o(.emb_text) for SVC_Handler
    startup_stm32f103xb.o(RESET) refers to stm32f1xx_it.o(i.DebugMon_Handler) for DebugMon_Handler
    startup_stm32f103xb.o(RESET) refers to stm32f1xx_it.o(i.SysTick_Handler) for SysTick_Handler
    startup_stm32f103xb.o(RESET) refers to stm32f1xx_it.o(i.TIM1_BRK_IRQHandler) for TIM1_BRK_IRQHandler
    startup_stm32f103xb.o(RESET) refers to stm32f1xx_it.o(i.TIM1_UP_IRQHandler) for TIM1_UP_IRQHandler
    startup_stm32f103xb.o(RESET) refers to stm32f1xx_it.o(i.TIM1_TRG_COM_IRQHandler) for TIM1_TRG_COM_IRQHandler
    startup_stm32f103xb.o(RESET) refers to stm32f1xx_it.o(i.TIM1_CC_IRQHandler) for TIM1_CC_IRQHandler
    startup_stm32f103xb.o(RESET) refers to stm32f1xx_it.o(i.TIM3_IRQHandler) for TIM3_IRQHandler
    startup_stm32f103xb.o(RESET) refers to stm32f1xx_it.o(i.TIM4_IRQHandler) for TIM4_IRQHandler
    startup_stm32f103xb.o(.text) refers (Special) to heapauxi.o(.text) for __use_two_region_memory
    startup_stm32f103xb.o(.text) refers to system_stm32f1xx.o(i.SystemInit) for SystemInit
    startup_stm32f103xb.o(.text) refers to __main.o(!!!main) for __main
    startup_stm32f103xb.o(.text) refers to startup_stm32f103xb.o(HEAP) for Heap_Mem
    startup_stm32f103xb.o(.text) refers to startup_stm32f103xb.o(STACK) for Stack_Mem
    lightadc.o(i.Read_light_value) refers to stm32f1xx_hal_adc.o(i.HAL_ADC_Start) for HAL_ADC_Start
    lightadc.o(i.Read_light_value) refers to stm32f1xx_hal_adc.o(i.HAL_ADC_PollForConversion) for HAL_ADC_PollForConversion
    lightadc.o(i.Read_light_value) refers to stm32f1xx_hal_adc.o(i.HAL_ADC_GetValue) for HAL_ADC_GetValue
    lightadc.o(i.Read_light_value) refers to stm32f1xx_hal_adc.o(i.HAL_ADC_Stop) for HAL_ADC_Stop
    lightadc.o(i.Read_light_value) refers to adc.o(.bss) for hadc1
    dht11.o(i.DHT11_DelayUs) refers to stm32f1xx_hal_rcc.o(i.HAL_RCC_GetHCLKFreq) for HAL_RCC_GetHCLKFreq
    dht11.o(i.DHT11_Read) refers to stm32f1xx_hal_gpio.o(i.HAL_GPIO_Init) for HAL_GPIO_Init
    dht11.o(i.DHT11_Read) refers to dht11.o(i.DHT11_DelayUs) for DHT11_DelayUs
    dht11.o(i.DHT11_Read) refers to stm32f1xx_hal_gpio.o(i.HAL_GPIO_ReadPin) for HAL_GPIO_ReadPin
    dht11.o(i.DHT11_Read) refers to fflt_clz.o(x$fpl$ffltu) for __aeabi_ui2f
    dht11.o(i.DHT11_Write) refers to stm32f1xx_hal_gpio.o(i.HAL_GPIO_Init) for HAL_GPIO_Init
    dht11.o(i.DHT11_Write) refers to stm32f1xx_hal_gpio.o(i.HAL_GPIO_WritePin) for HAL_GPIO_WritePin
    dht11.o(i.DHT11_Write) refers to stm32f1xx_hal.o(i.HAL_Delay) for HAL_Delay
    dht11.o(i.DHT11_Write) refers to dht11.o(i.DHT11_DelayUs) for DHT11_DelayUs
    buzzer.o(i.BUZZER_OFF) refers to stm32f1xx_hal_gpio.o(i.HAL_GPIO_WritePin) for HAL_GPIO_WritePin
    buzzer.o(i.BUZZER_ON) refers to stm32f1xx_hal_gpio.o(i.HAL_GPIO_WritePin) for HAL_GPIO_WritePin
    ir.o(i.HAL_TIM_IC_CaptureCallback) refers to stm32f1xx_hal_tim.o(i.HAL_TIM_ReadCapturedValue) for HAL_TIM_ReadCapturedValue
    ir.o(i.HAL_TIM_IC_CaptureCallback) refers to ir.o(i.rx_rcv_init) for rx_rcv_init
    ir.o(i.HAL_TIM_IC_CaptureCallback) refers to ir.o(.data) for .data
    ir.o(i.HAL_TIM_IC_CaptureCallback) refers to tim.o(.bss) for htim1
    ir.o(i.HAL_TIM_IC_CaptureCallback) refers to ir.o(.bss) for .bss
    ir.o(i.hx1838_data_decode) refers to rt_memcpy_v6.o(.text) for __aeabi_memcpy
    ir.o(i.hx1838_data_decode) refers to rt_memclr.o(.text) for __aeabi_memclr
    ir.o(i.hx1838_data_decode) refers to ir.o(i.appro) for appro
    ir.o(i.hx1838_data_decode) refers to ir.o(.bss) for .bss
    ir.o(i.hx1838_proc) refers to queue.o(i.xQueueSemaphoreTake) for xQueueSemaphoreTake
    ir.o(i.hx1838_proc) refers to stm32f1xx_hal_uart.o(i.HAL_UART_Transmit) for HAL_UART_Transmit
    ir.o(i.hx1838_proc) refers to queue.o(i.xQueueGenericSend) for xQueueGenericSend
[...]
    xFreeBytesRemaining                      0x20000068   Data           4  heap_4.o(.data)
    xMinimumEverFreeBytesRemaining           0x2000006c   Data           4  heap_4.o(.data)
    xNumberOfSuccessfulAllocations           0x20000070   Data           4  heap_4.o(.data)
    xNumberOfSuccessfulFrees                 0x20000074   Data           4  heap_4.o(.data)
    xStart                                   0x20000078   Data           8  heap_4.o(.data)
    .data                                    0x20000080   Section       64  tasks.o(.data)
    uxDeletedTasksWaitingCleanUp             0x20000084   Data           4  tasks.o(.data)
    uxCurrentNumberOfTasks                   0x20000088   Data           4  tasks.o(.data)
    xTickCount                               0x2000008c   Data           4  tasks.o(.data)
    uxTopReadyPriority                       0x20000090   Data           4  tasks.o(.data)
    xSchedulerRunning                        0x20000094   Data           4  tasks.o(.data)
    xPendedTicks                             0x20000098   Data           4  tasks.o(.data)
    xYieldPending                            0x2000009c   Data           4  tasks.o(.data)
    xNumOfOverflows                          0x200000a0   Data           4  tasks.o(.data)
    uxTaskNumber                             0x200000a4   Data           4  tasks.o(.data)
    xNextTaskUnblockTime                     0x200000a8   Data           4  tasks.o(.data)
    xIdleTaskHandle                          0x200000ac   Data           4  tasks.o(.data)
    uxSchedulerSuspended                     0x200000b4   Data           4  tasks.o(.data)
    pxDelayedTaskList                        0x200000b8   Data           4  tasks.o(.data)
    pxOverflowDelayedTaskList                0x200000bc   Data           4  tasks.o(.data)
    .bss                                     0x200000c0   Section      272  ir.o(.bss)
    rx_frame                                 0x200000c0   Data         132  ir.o(.bss)
    .bss                                     0x200001d0   Section       48  adc.o(.bss)
    .bss                                     0x20000200   Section       84  i2c.o(.bss)
    .bss                                     0x20000254   Section       20  rtc.o(.bss)
    .bss                                     0x20000268   Section       88  spi.o(.bss)
    .bss                                     0x200002c0   Section      216  tim.o(.bss)
    .bss                                     0x20000398   Section       72  usart.o(.bss)
    .bss                                     0x200003e0   Section       72  stm32f1xx_hal_timebase_tim.o(.bss)
    .bss                                     0x20000428   Section     5120  heap_4.o(.bss)
    ucHeap                                   0x20000428   Data        5120  heap_4.o(.bss)
    .bss                                     0x20001828   Section      200  tasks.o(.bss)
    pxReadyTasksLists                        0x20001828   Data         100  tasks.o(.bss)
    xDelayedTaskList1                        0x2000188c   Data          20  tasks.o(.bss)
    xDelayedTaskList2                        0x200018a0   Data          20  tasks.o(.bss)
    xPendingReadyList                        0x200018b4   Data          20  tasks.o(.bss)
    xTasksWaitingTermination                 0x200018c8   Data          20  tasks.o(.bss)
    xSuspendedTaskList                       0x200018dc   Data          20  tasks.o(.bss)
    .bss                                     0x200018f0   Section       96  libspace.o(.bss)
    HEAP                                     0x20001950   Section      512  startup_stm32f103xb.o(HEAP)
    Heap_Mem                                 0x20001950   Data         512  startup_stm32f103xb.o(HEAP)
    STACK                                    0x20001b50   Section     1024  startup_stm32f103xb.o(STACK)
    Stack_Mem                                0x20001b50   Data        1024  startup_stm32f103xb.o(STACK)
    __initial_sp                             0x20001f50   Data           0  startup_stm32f103xb.o(STACK)

    Global Symbols

    Symbol Name                              Value     Ov Type        Size  Object(Section)

    BuildAttributes$$THM_ISAv4$P$D$K$B$S$PE$A:L22UL41UL21$X:L11$S22US41US21$IEEE1$IW$USESV6$~STKCKD$USESV7$~SHL$OTIME$ROPI$IEEEJ$EBA8$UX$STANDARDLIB$REQ8$PRES8$EABIv2 0x00000000   Number         0  anon$$obj.o ABSOLUTE
    __ARM_use_no_argv                        0x00000000   Number         0  main.o ABSOLUTE
    _printf_flags                            0x00000000   Number         0  printf_stubs.o ABSOLUTE
    _printf_return_value                     0x00000000   Number         0  printf_stubs.o ABSOLUTE
    _printf_sizespec                         0x00000000   Number         0  printf_stubs.o ABSOLUTE
    _printf_widthprec                        0x00000000   Number         0  printf_stubs.o ABSOLUTE
    __ARM_exceptions_init                     - Undefined Weak Reference
    __alloca_initialize                       - Undefined Weak Reference
    __arm_fini_                               - Undefined Weak Reference
    __arm_preinit_                            - Undefined Weak Reference
    __cpp_initialize__aeabi_                  - Undefined Weak Reference
    __cxa_finalize                            - Undefined Weak Reference
    __sigvec_lookup                           - Undefined Weak Reference
    _atexit_init                              - Undefined Weak Reference
    _call_atexit_fns                          - Undefined Weak Reference
    _clock_init                               - Undefined Weak Reference
    _fp_trap_init                             - Undefined Weak Reference
    _fp_trap_shutdown                         - Undefined Weak Reference
    _get_lc_collate                           - Undefined Weak Reference
    _get_lc_monetary                          - Undefined Weak Reference
    _get_lc_time                              - Undefined Weak Reference
    _getenv_init                              - Undefined Weak Reference
    _handle_redirection                       - Undefined Weak Reference
    _init_alloc                               - Undefined Weak Reference
    _init_user_alloc                          - Undefined Weak Reference
    _initio                                   - Undefined Weak Reference
    _printf_mbtowc                            - Undefined Weak Reference
    _printf_wc                                - Undefined Weak Reference
    _rand_init                                - Undefined Weak Reference
    _signal_finish                            - Undefined Weak Reference
    _signal_init                              - Undefined Weak Reference
    _terminate_alloc                          - Undefined Weak Reference
    _terminate_user_alloc                     - Undefined Weak Reference
    _terminateio                              - Undefined Weak Reference
    __Vectors_Size                           0x000000ec   Number         0  startup_stm32f103xb.o ABSOLUTE
    __Vectors                                0x08000000   Data           4  startup_stm32f103xb.o(RESET)
    __Vectors_End                            0x080000ec   Data           0  startup_stm32f103xb.o(RESET)
    __main                                   0x080000ed   Thumb Code     8  __main.o(!!!main)
    __scatterload                            0x080000f5   Thumb Code     0  __scatter.o(!!!scatter)
    __scatterload_rt2                        0x080000f5   Thumb Code    44  __scatter.o(!!!scatter)
    __scatterload_rt2_thumb_only             0x080000f5   Thumb Code     0  __scatter.o(!!!scatter)
    __scatterload_null                       0x08000103   Thumb Code     0  __scatter.o(!!!scatter)
    __scatterload_copy                       0x08000129   Thumb Code    26  __scatter_copy.o(!!handler_copy)
    __scatterload_zeroinit                   0x08000145   Thumb Code    28  __scatter_zi.o(!!handler_zi)
    _printf_f                                0x08000161   Thumb Code     0  _printf_f.o(.ARM.Collect$$_printf_percent$$00000003)
    _printf_percent                          0x08000161   Thumb Code     0  _printf_percent.o(.ARM.Collect$$_printf_percent$$00000000)
    _printf_d                                0x08000167   Thumb Code     0  _printf_d.o(.ARM.Collect$$_printf_percent$$00000009)
    _printf_percent_end                      0x0800016d   Thumb Code     0  _printf_percent_end.o(.ARM.Collect$$_printf_percent$$00000017)
    __rt_lib_init                            0x08000171   Thumb Code     0  libinit.o(.ARM.Collect$$libinit$$00000000)
    __rt_lib_init_fp_1                       0x08000173   Thumb Code     0  libinit2.o(.ARM.Collect$$libinit$$00000002)
    __rt_lib_init_heap_1                     0x08000173   Thumb Code     0  libinit2.o(.ARM.Collect$$libinit$$0000000A)
    __rt_lib_init_lc_common                  0x08000173   Thumb Code     0  libinit2.o(.ARM.Collect$$libinit$$0000000F)
    __rt_lib_init_preinit_1                  0x08000173   Thumb Code     0  libinit2.o(.ARM.Collect$$libinit$$00000004)
    __rt_lib_init_rand_1                     0x08000173   Thumb Code     0  libinit2.o(.ARM.Collect$$libinit$$0000000E)
    __rt_lib_init_user_alloc_1               0x08000173   Thumb Code     0  libinit2.o(.ARM.Collect$$libinit$$0000000C)
    __rt_lib_init_lc_collate_1               0x08000179   Thumb Code     0  libinit2.o(.ARM.Collect$$libinit$$00000011)
    __rt_lib_init_lc_ctype_1                 0x08000179   Thumb Code     0  libinit2.o(.ARM.Collect$$libinit$$00000013)
    __rt_lib_init_lc_monetary_1              0x08000179   Thumb Code     0  libinit2.o(.ARM.Collect$$libinit$$00000015)
    __rt_lib_init_lc_numeric_2               0x08000179   Thumb Code     0  libinit2.o(.ARM.Collect$$libinit$$00000016)
    __rt_lib_init_alloca_1                   0x08000183   Thumb Code     0  libinit2.o(.ARM.Collect$$libinit$$0000002E)
    __rt_lib_init_argv_1                     0x08000183   Thumb Code     0  libinit2.o(.ARM.Collect$$libinit$$0000002C)
    __rt_lib_init_atexit_1                   0x08000183   Thumb Code     0  libinit2.o(.ARM.Collect$$libinit$$0000001B)
    __rt_lib_init_clock_1                    0x08000183   Thumb Code     0  libinit2.o(.ARM.Collect$$libinit$$00000021)
    __rt_lib_init_cpp_1                      0x08000183   Thumb Code     0  libinit2.o(.ARM.Collect$$libinit$$00000032)
    __rt_lib_init_exceptions_1               0x08000183   Thumb Code     0  libinit2.o(.ARM.Collect$$libinit$$00000030)
    __rt_lib_init_fp_trap_1                  0x08000183   Thumb Code     0  libinit2.o(.ARM.Collect$$libinit$$0000001F)
    __rt_lib_init_getenv_1                   0x08000183   Thumb Code     0  libinit2.o(.ARM.Collect$$libinit$$00000023)
    __rt_lib_init_lc_numeric_1               0x08000183   Thumb Code     0  libinit2.o(.ARM.Collect$$libinit$$00000017)
    __rt_lib_init_lc_time_1                  0x08000183   Thumb Code     0  libinit2.o(.ARM.Collect$$libinit$$00000019)
    __rt_lib_init_return                     0x08000183   Thumb Code     0  libinit2.o(.ARM.Collect$$libinit$$00000033)
    __rt_lib_init_signal_1                   0x08000183   Thumb Code     0  libinit2.o(.ARM.Collect$$libinit$$0000001D)
    __rt_lib_init_stdio_1                    0x08000183   Thumb Code     0  libinit2.o(.ARM.Collect$$libinit$$00000025)
    __rt_lib_shutdown                        0x08000185   Thumb Code     0  libshutdown.o(.ARM.Collect$$libshutdown$$00000000)
    __rt_lib_shutdown_cpp_1                  0x08000187   Thumb Code     0  libshutdown2.o(.ARM.Collect$$libshutdown$$00000004)
    __rt_lib_shutdown_fini_1                 0x08000187   Thumb Code     0  libshutdown2.o(.ARM.Collect$$libshutdown$$00000002)
    __rt_lib_shutdown_fp_trap_1              0x08000187   Thumb Code     0  libshutdown2.o(.ARM.Collect$$libshutdown$$00000009)
    __rt_lib_shutdown_heap_1                 0x08000187   Thumb Code     0  libshutdown2.o(.ARM.Collect$$libshutdown$$00000011)
    __rt_lib_shutdown_return                 0x08000187   Thumb Code     0  libshutdown2.o(.ARM.Collect$$libshutdown$$00000012)
    __rt_lib_shutdown_signal_1               0x08000187   Thumb Code     0  libshutdown2.o(.ARM.Collect$$libshutdown$$0000000C)
    __rt_lib_shutdown_stdio_1                0x08000187   Thumb Code     0  libshutdown2.o(.ARM.Collect$$libshutdown$$00000006)
    __rt_lib_shutdown_user_alloc_1           0x08000187   Thumb Code     0  libshutdown2.o(.ARM.Collect$$libshutdown$$0000000E)
    __rt_entry                               0x08000189   Thumb Code     0  __rtentry.o(.ARM.Collect$$rtentry$$00000000)
    __rt_entry_presh_1                       0x08000189   Thumb Code     0  __rtentry2.o(.ARM.Collect$$rtentry$$00000002)
    __rt_entry_sh                            0x08000189   Thumb Code     0  __rtentry4.o(.ARM.Collect$$rtentry$$00000004)
    __rt_entry_li                            0x0800018f   Thumb Code     0  __rtentry2.o(.ARM.Collect$$rtentry$$0000000A)
    __rt_entry_postsh_1                      0x0800018f   Thumb Code     0  __rtentry2.o(.ARM.Collect$$rtentry$$00000009)
    __rt_entry_main                          0x08000193   Thumb Code     0  __rtentry2.o(.ARM.Collect$$rtentry$$0000000D)
    __rt_entry_postli_1                      0x08000193   Thumb Code     0  __rtentry2.o(.ARM.Collect$$rtentry$$0000000C)
    __rt_exit                                0x0800019b   Thumb Code     0  rtexit.o(.ARM.Collect$$rtexit$$00000000)
    __rt_exit_ls                             0x0800019d   Thumb Code     0  rtexit2.o(.ARM.Collect$$rtexit$$00000003)
    __rt_exit_prels_1                        0x0800019d   Thumb Code     0  rtexit2.o(.ARM.Collect$$rtexit$$00000002)
    __rt_exit_exit                           0x080001a1   Thumb Code     0  rtexit2.o(.ARM.Collect$$rtexit$$00000004)
    SVC_Handler                              0x080001a9   Thumb Code    32  port.o(.emb_text)
    __asm___6_port_c_39a90d8d__prvStartFirstTask 0x080001cd   Thumb Code    28  port.o(.emb_text)
    PendSV_Handler                           0x080001ed   Thumb Code    72  port.o(.emb_text)
    vPortGetIPSR                             0x08000239   Thumb Code     6  port.o(.emb_text)
    Reset_Handler                            0x08000241   Thumb Code     8  startup_stm32f103xb.o(.text)
    ADC1_2_IRQHandler                        0x0800025b   Thumb Code     0  startup_stm32f103xb.o(.text)
    CAN1_RX1_IRQHandler                      0x0800025b   Thumb Code     0  startup_stm32f103xb.o(.text)
    CAN1_SCE_IRQHandler                      0x0800025b   Thumb Code     0  startup_stm32f103xb.o(.text)
    DMA1_Channel1_IRQHandler                 0x0800025b   Thumb Code     0  startup_stm32f103xb.o(.text)
    DMA1_Channel2_IRQHandler                 0x0800025b   Thumb Code     0  startup_stm32f103xb.o(.text)
    DMA1_Channel3_IRQHandler                 0x0800025b   Thumb Code     0  startup_stm32f103xb.o(.text)
    DMA1_Channel4_IRQHandler                 0x0800025b   Thumb Code     0  startup_stm32f103xb.o(.text)
    DMA1_Channel5_IRQHandler                 0x0800025b   Thumb Code     0  startup_stm32f103xb.o(.text)
    DMA1_Channel6_IRQHandler                 0x0800025b   Thumb Code     0  startup_stm32f103xb.o(.text)
    DMA1_Channel7_IRQHandler                 0x0800025b   Thumb Code     0  startup_stm32f103xb.o(.text)
    EXTI0_IRQHandler                         0x0800025b   Thumb Code     0  startup_stm32f103xb.o(.text)
    EXTI15_10_IRQHandler                     0x0800025b   Thumb Code     0  startup_stm32f103xb.o(.text)
    EXTI1_IRQHandler                         0x0800025b   Thumb Code     0  startup_stm32f103xb.o(.text)
    EXTI2_IRQHandler                         0x0800025b   Thumb Code     0  startup_stm32f103xb.o(.text)
    EXTI3_IRQHandler                         0x0800025b   Thumb Code     0  startup_stm32f103xb.o(.text)
    EXTI4_IRQHandler                         0x0800025b   Thumb Code     0  startup_stm32f103xb.o(.text)
    EXTI9_5_IRQHandler                       0x0800025b   Thumb Code     0  startup_stm32f103xb.o(.text)
    FLASH_IRQHandler                         0x0800025b   Thumb Code     0  startup_stm32f103xb.o(.text)
    I2C1_ER_IRQHandler                       0x0800025b   Thumb Code     0  startup_stm32f103xb.o(.text)
    I2C1_EV_IRQHandler                       0x0800025b   Thumb Code     0  startup_stm32f103xb.o(.text)
    I2C2_ER_IRQHandler                       0x0800025b   Thumb Code     0  startup_stm32f103xb.o(.text)
    I2C2_EV_IRQHandler                       0x0800025b   Thumb Code     0  startup_stm32f103xb.o(.text)
    PVD_IRQHandler                           0x0800025b   Thumb Code     0  startup_stm32f103xb.o(.text)
    RCC_IRQHandler                           0x0800025b   Thumb Code     0  startup_stm32f103xb.o(.text)
    RTC_Alarm_IRQHandler                     0x0800025b   Thumb Code     0  startup_stm32f103xb.o(.text)
    RTC_IRQHandler                           0x0800025b   Thumb Code     0  startup_stm32f103xb.o(.text)
    SPI1_IRQHandler                          0x0800025b   Thumb Code     0  startup_stm32f103xb.o(.text)
    SPI2_IRQHandler                          0x0800025b   Thumb Code     0  startup_stm32f103xb.o(.text)
    TAMPER_IRQHandler                        0x0800025b   Thumb Code     0  startup_stm32f103xb.o(.text)
    TIM2_IRQHandler                          0x0800025b   Thumb Code     0  startup_stm32f103xb.o(.text)
    USART1_IRQHandler                        0x0800025b   Thumb Code     0  startup_stm32f103xb.o(.text)
    USART2_IRQHandler                        0x0800025b   Thumb Code     0  startup_stm32f103xb.o(.text)
    USART3_IRQHandler                        0x0800025b   Thumb Code     0  startup_stm32f103xb.o(.text)
    USBWakeUp_IRQHandler                     0x0800025b   Thumb Code     0  startup_stm32f103xb.o(.text)
    USB_HP_CAN1_TX_IRQHandler                0x0800025b   Thumb Code     0  startup_stm32f103xb.o(.text)
    USB_LP_CAN1_RX0_IRQHandler               0x0800025b   Thumb Code     0  startup_stm32f103xb.o(.text)
    WWDG_IRQHandler                          0x0800025b   Thumb Code     0  startup_stm32f103xb.o(.text)
    __user_initial_stackheap                 0x0800025d   Thumb Code     0  startup_stm32f103xb.o(.text)
    __2sprintf                               0x08000281   Thumb Code    38  __2sprintf.o(.text)
    _printf_int_dec                          0x080002ad   Thumb Code   104  _printf_dec.o(.text)
    __printf                                 0x08000325   Thumb Code   388  __printf_flags_ss_wp.o(.text)
    strlen                                   0x080004ad   Thumb Code    62  strlen.o(.text)
    __aeabi_memcpy                           0x080004eb   Thumb Code     0  rt_memcpy_v6.o(.text)
    __rt_memcpy                              0x080004eb   Thumb Code   138  rt_memcpy_v6.o(.text)
    _memcpy_lastbytes                        0x08000551   Thumb Code     0  rt_memcpy_v6.o(.text)
    __aeabi_memclr                           0x08000575   Thumb Code     0  rt_memclr.o(.text)
    __rt_memclr                              0x08000575   Thumb Code    68  rt_memclr.o(.text)
    _memset                                  0x08000579   Thumb Code     0  rt_memclr.o(.text)
    __aeabi_memclr4                          0x080005b9   Thumb Code     0  rt_memclr_w.o(.text)
    __aeabi_memclr8                          0x080005b9   Thumb Code     0  rt_memclr_w.o(.text)
    __rt_memclr_w                            0x080005b9   Thumb Code    78  rt_memclr_w.o(.text)
    _memset_w                                0x080005bd   Thumb Code     0  rt_memclr_w.o(.text)
    __use_two_region_memory                  0x08000607   Thumb Code     2  heapauxi.o(.text)
    __rt_heap_escrow$2region                 0x08000609   Thumb Code     2  heapauxi.o(.text)
    __rt_heap_expand$2region                 0x0800060b   Thumb Code     2  heapauxi.o(.text)
    _printf_int_common                       0x0800060d   Thumb Code   178  _printf_intcommon.o(.text)
    __lib_sel_fp_printf                      0x080006bf   Thumb Code     2  _printf_fp_dec.o(.text)
    _printf_fp_dec_real                      0x08000871   Thumb Code   620  _printf_fp_dec.o(.text)
    _printf_char_common                      0x08000ae7   Thumb Code    32  _printf_char_common.o(.text)
    _sputc                                   0x08000b0d   Thumb Code    10  _sputc.o(.text)
    __aeabi_memcpy4                          0x08000b17   Thumb Code     0  rt_memcpy_w.o(.text)
    __aeabi_memcpy8                          0x08000b17   Thumb Code     0  rt_memcpy_w.o(.text)
    __rt_memcpy_w                            0x08000b17   Thumb Code   100  rt_memcpy_w.o(.text)
    _memcpy_lastbytes_aligned                0x08000b5f   Thumb Code     0  rt_memcpy_w.o(.text)
    __rt_locale                              0x08000b7d   Thumb Code     8  rt_locale_intlibspace.o(.text)
    _ll_udiv10                               0x08000b85   Thumb Code   138  lludiv10.o(.text)
    _printf_fp_infnan                        0x08000c11   Thumb Code   112  _printf_fp_infnan.o(.text)
    _btod_etento                             0x08000c91   Thumb Code   224  bigflt0.o(.text)
    __user_libspace                          0x08000d75   Thumb Code     8  libspace.o(.text)
    __user_perproc_libspace                  0x08000d75   Thumb Code     0  libspace.o(.text)
    __user_perthread_libspace                0x08000d75   Thumb Code     0  libspace.o(.text)
    __user_setup_stackheap                   0x08000d7d   Thumb Code    74  sys_stackheap_outer.o(.text)
    exit                                     0x08000dc7   Thumb Code    18  exit.o(.text)
    strcmp                                   0x08000dd9   Thumb Code   128  strcmpv7m.o(.text)
    _sys_exit                                0x08000e59   Thumb Code     8  sys_exit.o(.text)
    __I$use$semihosting                      0x08000e65   Thumb Code     0  use_no_semi.o(.text)
    __use_no_semihosting_swi                 0x08000e65   Thumb Code     2  use_no_semi.o(.text)
    __semihosting_library_function           0x08000e67   Thumb Code     0  indicate_semi.o(.text)
    _btod_d2e                                0x08000e67   Thumb Code    62  btod.o(CL$$btod_d2e)
    _d2e_denorm_low                          0x08000ea5   Thumb Code    70  btod.o(CL$$btod_d2e_denorm_low)
    _d2e_norm_op1                            0x08000eeb   Thumb Code    96  btod.o(CL$$btod_d2e_norm_op1)
    __btod_div_common                        0x08000f4b   Thumb Code   696  btod.o(CL$$btod_div_common)
    _e2e                                     0x08001283   Thumb Code   220  btod.o(CL$$btod_e2e)
    _btod_ediv                               0x0800135f   Thumb Code    42  btod.o(CL$$btod_ediv)
    _btod_emul                               0x08001389   Thumb Code    42  btod.o(CL$$btod_emul)
    __btod_mult_common                       0x080013b3   Thumb Code   580  btod.o(CL$$btod_mult_common)
    ADC_ConversionStop_Disable               0x080015f7   Thumb Code    84  stm32f1xx_hal_adc.o(i.ADC_ConversionStop_Disable)
    ADC_Enable                               0x0800164d   Thumb Code   112  stm32f1xx_hal_adc.o(i.ADC_Enable)
    BUZZER_OFF                               0x080016c5   Thumb Code    10  buzzer.o(i.BUZZER_OFF)
    BUZZER_ON                                0x080016d5   Thumb Code    10  buzzer.o(i.BUZZER_ON)
    BusFault_Handler                         0x080016e5   Thumb Code     2  stm32f1xx_it.o(i.BusFault_Handler)
    DHT11_DelayUs                            0x080016e9   Thumb Code    22  dht11.o(i.DHT11_DelayUs)
    DHT11_Read                               0x08001705   Thumb Code   316  dht11.o(i.DHT11_Read)
    DHT11_Write                              0x08001845   Thumb Code    64  dht11.o(i.DHT11_Write)
    DebugMon_Handler                         0x08001889   Thumb Code     2  stm32f1xx_it.o(i.DebugMon_Handler)
    Error_Handler                            0x0800188b   Thumb Code     4  main.o(i.Error_Handler)
    HAL_ADC_ConfigChannel                    0x08001891   Thumb Code   240  stm32f1xx_hal_adc.o(i.HAL_ADC_ConfigChannel)
    HAL_ADC_GetValue                         0x0800198d   Thumb Code     6  stm32f1xx_hal_adc.o(i.HAL_ADC_GetValue)
    HAL_ADC_Init                             0x08001995   Thumb Code   270  stm32f1xx_hal_adc.o(i.HAL_ADC_Init)
    HAL_ADC_MspInit                          0x08001ab1   Thumb Code    76  adc.o(i.HAL_ADC_MspInit)
    HAL_ADC_PollForConversion                0x08001b09   Thumb Code   304  stm32f1xx_hal_adc.o(i.HAL_ADC_PollForConversion)
    HAL_ADC_Start                            0x08001c45   Thumb Code   184  stm32f1xx_hal_adc.o(i.HAL_ADC_Start)
    HAL_ADC_Stop                             0x08001d05   Thumb Code    52  stm32f1xx_hal_adc.o(i.HAL_ADC_Stop)
    HAL_Delay                                0x08001d39   Thumb Code    32  stm32f1xx_hal.o(i.HAL_Delay)
    HAL_GPIO_Init                            0x08001d5d   Thumb Code   426  stm32f1xx_hal_gpio.o(i.HAL_GPIO_Init)
    HAL_GPIO_ReadPin                         0x08001f29   Thumb Code    10  stm32f1xx_hal_gpio.o(i.HAL_GPIO_ReadPin)
    HAL_GPIO_TogglePin                       0x08001f33   Thumb Code    16  stm32f1xx_hal_gpio.o(i.HAL_GPIO_TogglePin)
    HAL_GPIO_WritePin                        0x08001f43   Thumb Code    10  stm32f1xx_hal_gpio.o(i.HAL_GPIO_WritePin)
    HAL_GetTick                              0x08001f4d   Thumb Code     6  stm32f1xx_hal.o(i.HAL_GetTick)
    HAL_I2C_Init                             0x08001f59   Thumb Code   376  stm32f1xx_hal_i2c.o(i.HAL_I2C_Init)
    HAL_I2C_MspInit                          0x080020e1   Thumb Code    80  i2c.o(i.HAL_I2C_MspInit)
    HAL_IncTick                              0x0800213d   Thumb Code    12  stm32f1xx_hal.o(i.HAL_IncTick)
    HAL_Init                                 0x0800214d   Thumb Code    32  stm32f1xx_hal.o(i.HAL_Init)
    HAL_InitTick                             0x08002171   Thumb Code   132  stm32f1xx_hal_timebase_tim.o(i.HAL_InitTick)
    HAL_MspInit                              0x08002209   Thumb Code    52  stm32f1xx_hal_msp.o(i.HAL_MspInit)
    HAL_NVIC_EnableIRQ                       0x08002245   Thumb Code    26  stm32f1xx_hal_cortex.o(i.HAL_NVIC_EnableIRQ)
    HAL_NVIC_SetPriority                     0x08002261   Thumb Code    60  stm32f1xx_hal_cortex.o(i.HAL_NVIC_SetPriority)
    HAL_NVIC_SetPriorityGrouping             0x080022a1   Thumb Code    26  stm32f1xx_hal_cortex.o(i.HAL_NVIC_SetPriorityGrouping)
    HAL_PWR_EnableBkUpAccess                 0x080022c5   Thumb Code     8  stm32f1xx_hal_pwr.o(i.HAL_PWR_EnableBkUpAccess)
    HAL_RCCEx_GetPeriphCLKFreq               0x080022d1   Thumb Code   148  stm32f1xx_hal_rcc_ex.o(i.HAL_RCCEx_GetPeriphCLKFreq)
    HAL_RCCEx_PeriphCLKConfig                0x08002375   Thumb Code   220  stm32f1xx_hal_rcc_ex.o(i.HAL_RCCEx_PeriphCLKConfig)
    HAL_RCC_ClockConfig                      0x0800245d   Thumb Code   292  stm32f1xx_hal_rcc.o(i.HAL_RCC_ClockConfig)
    HAL_RCC_GetClockConfig                   0x08002595   Thumb Code    54  stm32f1xx_hal_rcc.o(i.HAL_RCC_GetClockConfig)
    HAL_RCC_GetHCLKFreq                      0x080025d5   Thumb Code     6  stm32f1xx_hal_rcc.o(i.HAL_RCC_GetHCLKFreq)
    HAL_RCC_GetPCLK1Freq                     0x080025e1   Thumb Code    20  stm32f1xx_hal_rcc.o(i.HAL_RCC_GetPCLK1Freq)
    HAL_RCC_GetPCLK2Freq                     0x08002601   Thumb Code    20  stm32f1xx_hal_rcc.o(i.HAL_RCC_GetPCLK2Freq)
    HAL_RCC_GetSysClockFreq                  0x08002621   Thumb Code    58  stm32f1xx_hal_rcc.o(i.HAL_RCC_GetSysClockFreq)
    HAL_RCC_OscConfig                        0x0800266d   Thumb Code   770  stm32f1xx_hal_rcc.o(i.HAL_RCC_OscConfig)
    HAL_RTC_GetDate                          0x08002985   Thumb Code    78  stm32f1xx_hal_rtc.o(i.HAL_RTC_GetDate)
    HAL_RTC_GetTime                          0x080029d3   Thumb Code   216  stm32f1xx_hal_rtc.o(i.HAL_RTC_GetTime)
    HAL_RTC_Init                             0x08002aad   Thumb Code   144  stm32f1xx_hal_rtc.o(i.HAL_RTC_Init)
    HAL_RTC_MspInit                          0x08002b41   Thumb Code    40  rtc.o(i.HAL_RTC_MspInit)
    HAL_RTC_SetDate                          0x08002b75   Thumb Code   192  stm32f1xx_hal_rtc.o(i.HAL_RTC_SetDate)
    HAL_RTC_SetTime                          0x08002c39   Thumb Code   170  stm32f1xx_hal_rtc.o(i.HAL_RTC_SetTime)
    HAL_RTC_WaitForSynchro                   0x08002ce9   Thumb Code    58  stm32f1xx_hal_rtc.o(i.HAL_RTC_WaitForSynchro)
    HAL_SPI_Init                             0x08002d23   Thumb Code   178  stm32f1xx_hal_spi.o(i.HAL_SPI_Init)
    HAL_SPI_MspInit                          0x08002dd5   Thumb Code   102  spi.o(i.HAL_SPI_MspInit)
    HAL_TIMEx_BreakCallback                  0x08002e49   Thumb Code     2  stm32f1xx_hal_tim_ex.o(i.HAL_TIMEx_BreakCallback)
    HAL_TIMEx_CommutCallback                 0x08002e4b   Thumb Code     2  stm32f1xx_hal_tim_ex.o(i.HAL_TIMEx_CommutCallback)
    HAL_TIMEx_MasterConfigSynchronization    0x08002e4d   Thumb Code    92  stm32f1xx_hal_tim_ex.o(i.HAL_TIMEx_MasterConfigSynchronization)
    HAL_TIM_Base_Init                        0x08002eb5   Thumb Code    90  stm32f1xx_hal_tim.o(i.HAL_TIM_Base_Init)
    HAL_TIM_Base_MspInit                     0x08002f11   Thumb Code   242  tim.o(i.HAL_TIM_Base_MspInit)
    HAL_TIM_Base_Start_IT                    0x08003019   Thumb Code    76  stm32f1xx_hal_tim.o(i.HAL_TIM_Base_Start_IT)
    HAL_TIM_ConfigClockSource                0x08003071   Thumb Code   220  stm32f1xx_hal_tim.o(i.HAL_TIM_ConfigClockSource)
    HAL_TIM_IC_CaptureCallback               0x0800314d   Thumb Code   160  ir.o(i.HAL_TIM_IC_CaptureCallback)
    HAL_TIM_IC_ConfigChannel                 0x080031fd   Thumb Code   290  stm32f1xx_hal_tim.o(i.HAL_TIM_IC_ConfigChannel)
    HAL_TIM_IC_Init                          0x0800331f   Thumb Code    90  stm32f1xx_hal_tim.o(i.HAL_TIM_IC_Init)
    HAL_TIM_IC_MspInit                       0x08003379   Thumb Code     2  stm32f1xx_hal_tim.o(i.HAL_TIM_IC_MspInit)
    HAL_TIM_IC_Start                         0x0800337d   Thumb Code   188  stm32f1xx_hal_tim.o(i.HAL_TIM_IC_Start)
    HAL_TIM_IC_Start_IT                      0x08003445   Thumb Code   248  stm32f1xx_hal_tim.o(i.HAL_TIM_IC_Start_IT)
    HAL_TIM_IRQHandler                       0x08003549   Thumb Code   304  stm32f1xx_hal_tim.o(i.HAL_TIM_IRQHandler)
    HAL_TIM_MspPostInit                      0x08003679   Thumb Code    80  tim.o(i.HAL_TIM_MspPostInit)
    HAL_TIM_OC_DelayElapsedCallback          0x080036d9   Thumb Code     2  stm32f1xx_hal_tim.o(i.HAL_TIM_OC_DelayElapsedCallback)
    HAL_TIM_PWM_ConfigChannel                0x080036db   Thumb Code   204  stm32f1xx_hal_tim.o(i.HAL_TIM_PWM_ConfigChannel)
    HAL_TIM_PWM_Init                         0x080037a7   Thumb Code    90  stm32f1xx_hal_tim.o(i.HAL_TIM_PWM_Init)
    HAL_TIM_PWM_MspInit                      0x08003801   Thumb Code     2  stm32f1xx_hal_tim.o(i.HAL_TIM_PWM_MspInit)
    HAL_TIM_PWM_PulseFinishedCallback        0x08003803   Thumb Code     2  stm32f1xx_hal_tim.o(i.HAL_TIM_PWM_PulseFinishedCallback)
    HAL_TIM_PWM_Start                        0x08003805   Thumb Code   148  stm32f1xx_hal_tim.o(i.HAL_TIM_PWM_Start)
    HAL_TIM_PeriodElapsedCallback            0x080038a5   Thumb Code    54  main.o(i.HAL_TIM_PeriodElapsedCallback)
    HAL_TIM_ReadCapturedValue                0x080038f1   Thumb Code    42  stm32f1xx_hal_tim.o(i.HAL_TIM_ReadCapturedValue)
    HAL_TIM_TriggerCallback                  0x0800391b   Thumb Code     2  stm32f1xx_hal_tim.o(i.HAL_TIM_TriggerCallback)
    HAL_UART_Init                            0x0800391d   Thumb Code   100  stm32f1xx_hal_uart.o(i.HAL_UART_Init)
    HAL_UART_MspInit                         0x08003981   Thumb Code   100  usart.o(i.HAL_UART_MspInit)
    HAL_UART_Transmit                        0x080039f1   Thumb Code   160  stm32f1xx_hal_uart.o(i.HAL_UART_Transmit)
    HardFault_Handler                        0x08003a91   Thumb Code     2  stm32f1xx_it.o(i.HardFault_Handler)
    MX_ADC1_Init                             0x08003a95   Thumb Code    68  adc.o(i.MX_ADC1_Init)
    MX_GPIO_Init                             0x08003ae1   Thumb Code   288  gpio.o(i.MX_GPIO_Init)
    MX_I2C1_Init                             0x08003c11   Thumb Code    50  i2c.o(i.MX_I2C1_Init)
    MX_RTC_Init                              0x08003c51   Thumb Code   108  rtc.o(i.MX_RTC_Init)
    MX_SPI2_Init                             0x08003cc5   Thumb Code    64  spi.o(i.MX_SPI2_Init)
    MX_TIM1_Init                             0x08003d0d   Thumb Code   146  tim.o(i.MX_TIM1_Init)
    MX_TIM2_Init                             0x08003da9   Thumb Code   166  tim.o(i.MX_TIM2_Init)
    MX_TIM3_Init                             0x08003e55   Thumb Code   164  tim.o(i.MX_TIM3_Init)
    MX_USART1_UART_Init                      0x08003f01   Thumb Code    48  usart.o(i.MX_USART1_UART_Init)
    MemManage_Handler                        0x08003f39   Thumb Code     2  stm32f1xx_it.o(i.MemManage_Handler)
    NMI_Handler                              0x08003f3b   Thumb Code     2  stm32f1xx_it.o(i.NMI_Handler)
    Read_light_value                         0x08004151   Thumb Code    38  lightadc.o(i.Read_light_value)
    SysTick_Handler                          0x0800417d   Thumb Code    20  stm32f1xx_it.o(i.SysTick_Handler)
    SystemClock_Config                       0x08004191   Thumb Code   134  main.o(i.SystemClock_Config)
    SystemInit                               0x08004217   Thumb Code     2  system_stm32f1xx.o(i.SystemInit)
    TIM1_BRK_IRQHandler                      0x08004219   Thumb Code     6  stm32f1xx_it.o(i.TIM1_BRK_IRQHandler)
    TIM1_CC_IRQHandler                       0x08004225   Thumb Code     6  stm32f1xx_it.o(i.TIM1_CC_IRQHandler)
    TIM1_TRG_COM_IRQHandler                  0x08004231   Thumb Code     6  stm32f1xx_it.o(i.TIM1_TRG_COM_IRQHandler)
    TIM1_UP_IRQHandler                       0x0800423d   Thumb Code     6  stm32f1xx_it.o(i.TIM1_UP_IRQHandler)
    TIM3_IRQHandler                          0x08004249   Thumb Code     6  stm32f1xx_it.o(i.TIM3_IRQHandler)
    TIM4_IRQHandler                          0x08004255   Thumb Code     6  stm32f1xx_it.o(i.TIM4_IRQHandler)
    TIM_Base_SetConfig                       0x08004261   Thumb Code   108  stm32f1xx_hal_tim.o(i.TIM_Base_SetConfig)
    TIM_CCxChannelCmd                        0x080042d9   Thumb Code    26  stm32f1xx_hal_tim.o(i.TIM_CCxChannelCmd)
    TIM_ETR_SetConfig                        0x080042f3   Thumb Code    20  stm32f1xx_hal_tim.o(i.TIM_ETR_SetConfig)
    TIM_OC2_SetConfig                        0x08004371   Thumb Code    86  stm32f1xx_hal_tim.o(i.TIM_OC2_SetConfig)
    TIM_TI1_SetConfig                        0x0800448d   Thumb Code    76  stm32f1xx_hal_tim.o(i.TIM_TI1_SetConfig)
    UsageFault_Handler                       0x080046b5   Thumb Code     2  stm32f1xx_it.o(i.UsageFault_Handler)
    __ARM_fpclassify                         0x080046b7   Thumb Code    40  fpclassify.o(i.__ARM_fpclassify)
    _is_digit                                0x080046ff   Thumb Code    14  __printf_wp.o(i._is_digit)
    appro                                    0x0800470d   Thumb Code    20  ir.o(i.appro)
    event_dispatch_task                      0x08004721   Thumb Code    68  main.o(i.event_dispatch_task)
    flashing_task                            0x0800476d   Thumb Code    82  main.o(i.flashing_task)
    hx1838_data_decode                       0x080047c9   Thumb Code   214  ir.o(i.hx1838_data_decode)
    hx1838_proc                              0x080048a5   Thumb Code   382  ir.o(i.hx1838_proc)
    light_task                               0x08004a89   Thumb Code   104  main.o(i.light_task)
    main                                     0x08004b0d   Thumb Code   196  main.o(i.main)
    pvPortMalloc                             0x0800503d   Thumb Code   146  heap_4.o(i.pvPortMalloc)
    pvTaskIncrementMutexHeldCount            0x080050d5   Thumb Code    18  tasks.o(i.pvTaskIncrementMutexHeldCount)
    pwmLed_task                              0x080050ed   Thumb Code    82  main.o(i.pwmLed_task)
    pxPortInitialiseStack                    0x08005149   Thumb Code    32  port.o(i.pxPortInitialiseStack)
    red_task                                 0x0800516d   Thumb Code    38  main.o(i.red_task)
    rtcTime_task                             0x080051ad   Thumb Code   120  main.o(i.rtcTime_task)
    rx_rcv_init                              0x0800523d   Thumb Code    20  ir.o(i.rx_rcv_init)
    start_task                               0x08005259   Thumb Code   292  main.o(i.start_task)
    switch_num                               0x08005425   Thumb Code    50  main.o(i.switch_num)
    temp_task                                0x08005461   Thumb Code   120  main.o(i.temp_task)
    ultrasound_task                          0x08005511   Thumb Code   236  main.o(i.ultrasound_task)
    uxListRemove                             0x0800562d   Thumb Code    38  list.o(i.uxListRemove)
    uxTaskResetEventItemValue                0x08005655   Thumb Code    20  tasks.o(i.uxTaskResetEventItemValue)
    vListInitialise                          0x0800566d   Thumb Code    22  list.o(i.vListInitialise)
    vListInitialiseItem                      0x08005683   Thumb Code     6  list.o(i.vListInitialiseItem)
    vListInsert                              0x08005689   Thumb Code    48  list.o(i.vListInsert)
    vListInsertEnd                           0x080056b9   Thumb Code    24  list.o(i.vListInsertEnd)
    vPortEnterCritical                       0x080056d1   Thumb Code    24  port.o(i.vPortEnterCritical)
    vPortExitCritical                        0x080056ed   Thumb Code    16  port.o(i.vPortExitCritical)
    vPortFree                                0x08005701   Thumb Code    64  heap_4.o(i.vPortFree)
    vPortSetupTimerInterrupt                 0x08005745   Thumb Code    20  port.o(i.vPortSetupTimerInterrupt)
    vTaskDelay                               0x0800575d   Thumb Code    44  tasks.o(i.vTaskDelay)
    vTaskDelete                              0x0800578d   Thumb Code   144  tasks.o(i.vTaskDelete)
    vTaskInternalSetTimeOutState             0x08005829   Thumb Code    12  tasks.o(i.vTaskInternalSetTimeOutState)
    vTaskMissedYield                         0x08005839   Thumb Code     8  tasks.o(i.vTaskMissedYield)
    vTaskPlaceOnEventList                    0x08005845   Thumb Code    30  tasks.o(i.vTaskPlaceOnEventList)
    vTaskPlaceOnUnorderedEventList           0x08005869   Thumb Code    60  tasks.o(i.vTaskPlaceOnUnorderedEventList)
    vTaskPriorityDisinheritAfterTimeout      0x080058a9   Thumb Code   146  tasks.o(i.vTaskPriorityDisinheritAfterTimeout)
    vTaskRemoveFromUnorderedEventList        0x08005945   Thumb Code   154  tasks.o(i.vTaskRemoveFromUnorderedEventList)
    vTaskStartScheduler                      0x080059e9   Thumb Code    64  tasks.o(i.vTaskStartScheduler)
    vTaskSuspendAll                          0x08005a39   Thumb Code    10  tasks.o(i.vTaskSuspendAll)
    vTaskSwitchContext                       0x08005a49   Thumb Code    60  tasks.o(i.vTaskSwitchContext)
    xEventGroupClearBits                     0x08005a8d   Thumb Code    26  event_groups.o(i.xEventGroupClearBits)
    xEventGroupCreate                        0x08005aa7   Thumb Code    26  event_groups.o(i.xEventGroupCreate)
    xEventGroupSetBits                       0x08005ac1   Thumb Code   100  event_groups.o(i.xEventGroupSetBits)
    xEventGroupWaitBits                      0x08005b25   Thumb Code   184  event_groups.o(i.xEventGroupWaitBits)
    xPortStartScheduler                      0x08005be1   Thumb Code    38  port.o(i.xPortStartScheduler)
    xPortSysTickHandler                      0x08005c11   Thumb Code    38  port.o(i.xPortSysTickHandler)
    xQueueCreateCountingSemaphore            0x08005c3d   Thumb Code    34  queue.o(i.xQueueCreateCountingSemaphore)
    xQueueCreateMutex                        0x08005c5f   Thumb Code    36  queue.o(i.xQueueCreateMutex)
    xQueueGenericCreate                      0x08005c83   Thumb Code    70  queue.o(i.xQueueGenericCreate)
    xQueueGenericReset                       0x08005cc9   Thumb Code   142  queue.o(i.xQueueGenericReset)
    xQueueGenericSend                        0x08005d5d   Thumb Code   250  queue.o(i.xQueueGenericSend)
    xQueueReceive                            0x08005e5d   Thumb Code   234  queue.o(i.xQueueReceive)
    xQueueSemaphoreTake                      0x08005f4d   Thumb Code   290  queue.o(i.xQueueSemaphoreTake)
    xTaskCheckForTimeOut                     0x08006075   Thumb Code    82  tasks.o(i.xTaskCheckForTimeOut)
    xTaskCreate                              0x080060cd   Thumb Code    92  tasks.o(i.xTaskCreate)
    xTaskGetSchedulerState                   0x08006129   Thumb Code    22  tasks.o(i.xTaskGetSchedulerState)
    xTaskGetTickCount                        0x08006145   Thumb Code     6  tasks.o(i.xTaskGetTickCount)
    xTaskIncrementTick                       0x08006151   Thumb Code   264  tasks.o(i.xTaskIncrementTick)
    xTaskPriorityDisinherit                  0x08006261   Thumb Code   132  tasks.o(i.xTaskPriorityDisinherit)
    xTaskPriorityInherit                     0x080062ed   Thumb Code   170  tasks.o(i.xTaskPriorityInherit)
    xTaskRemoveFromEventList                 0x080063a1   Thumb Code   192  tasks.o(i.xTaskRemoveFromEventList)
    xTaskResumeAll                           0x08006469   Thumb Code   264  tasks.o(i.xTaskResumeAll)
    _get_lc_numeric                          0x0800657d   Thumb Code    44  lc_numeric_c.o(locale$$code)
    __fpl_dretinf                            0x080065a9   Thumb Code    12  dretinf.o(x$fpl$dretinf)
    __aeabi_f2d                              0x080065b5   Thumb Code     0  f2d.o(x$fpl$f2d)
    _f2d                                     0x080065b5   Thumb Code    86  f2d.o(x$fpl$f2d)
    __fpl_fcheck_NaN1                        0x0800660d   Thumb Code     6  fcheck1.o(x$fpl$fcheck1)
    __aeabi_ui2f                             0x08006619   Thumb Code     0  fflt_clz.o(x$fpl$ffltu)
    _ffltu                                   0x08006619   Thumb Code    38  fflt_clz.o(x$fpl$ffltu)
    __aeabi_fmul                             0x08006641   Thumb Code     0  fmul.o(x$fpl$fmul)
    _fmul                                    0x08006641   Thumb Code   258  fmul.o(x$fpl$fmul)
    __fpl_fnaninf                            0x08006743   Thumb Code   140  fnaninf.o(x$fpl$fnaninf)
    __fpl_fretinf                            0x080067cf   Thumb Code    10  fretinf.o(x$fpl$fretinf)
    _printf_fp_dec                           0x080067d9   Thumb Code     4  printf1.o(x$fpl$printf1)
    __fpl_return_NaN                         0x080067dd   Thumb Code   100  retnan.o(x$fpl$retnan)
    __ARM_scalbnf                            0x08006841   Thumb Code    76  scalbnf.o(x$fpl$scalbnf)
    __fpl_cmpreturn                          0x0800688d   Thumb Code    48  trapv.o(x$fpl$trapveneer)
    __I$use$fp                               0x080068bc   Number         0  usenofp.o(x$fpl$usenofp)
    AHBPrescTable                            0x080068e0   Data          16  system_stm32f1xx.o(.constdata)
    APBPrescTable                            0x080068f0   Data           8  system_stm32f1xx.o(.constdata)
    Region$$Table$$Base                      0x080069a0   Number         0  anon$$obj.o(Region$$Table)
    Region$$Table$$Limit                     0x080069c0   Number         0  anon$$obj.o(Region$$Table)
    tim_udt_cnt                              0x20000000   Data           1  ir.o(.data)
    cap_pol                                  0x20000001   Data           1  ir.o(.data)
    cap_pulse_cnt                            0x20000002   Data           1  ir.o(.data)
    sta_idle                                 0x20000003   Data           1  ir.o(.data)
    cap_frame                                0x20000004   Data           1  ir.o(.data)
    red_data                                 0x2000000a   Data           8  ir.o(.data)
    xSemaphore                               0x20000018   Data           4  main.o(.data)
    xEventgroup                              0x2000001c   Data           4  main.o(.data)
    xSemaphoreMutex                          0x20000020   Data           4  main.o(.data)
    xqueueRedata                             0x20000024   Data           4  main.o(.data)
    xEventGroupRedTask                       0x20000028   Data           4  main.o(.data)
    start_task_handle                        0x2000002c   Data           4  main.o(.data)
    light_task_handle                        0x20000030   Data           4  main.o(.data)
    temp_task_handle                         0x20000034   Data           4  main.o(.data)
    ultrasound_task_handle                   0x20000038   Data           4  main.o(.data)
    rtcTime_task_handle                      0x2000003c   Data           4  main.o(.data)
    pwmLed_task_handle                       0x20000040   Data           4  main.o(.data)
    red_task_handle                          0x20000044   Data           4  main.o(.data)
    event_dispatch_task_handle               0x20000048   Data           4  main.o(.data)
    flashing_task_handle                     0x2000004c   Data           4  main.o(.data)
    uwTickFreq                               0x20000050   Data           1  stm32f1xx_hal.o(.data)
    uwTickPrio                               0x20000054   Data           4  stm32f1xx_hal.o(.data)
    uwTick                                   0x20000058   Data           4  stm32f1xx_hal.o(.data)
    SystemCoreClock                          0x2000005c   Data           4  system_stm32f1xx.o(.data)
    pxCurrentTCB                             0x20000080   Data           4  tasks.o(.data)
    uxTopUsedPriority                        0x200000b0   Data           4  tasks.o(.data)
    rx                                       0x20000144   Data         140  ir.o(.bss)
    hadc1                                    0x200001d0   Data          48  adc.o(.bss)
    hi2c1                                    0x20000200   Data          84  i2c.o(.bss)
    hrtc                                     0x20000254   Data          20  rtc.o(.bss)
    hspi2                                    0x20000268   Data          88  spi.o(.bss)
    htim1                                    0x200002c0   Data          72  tim.o(.bss)
    htim2                                    0x20000308   Data          72  tim.o(.bss)
    htim3                                    0x20000350   Data          72  tim.o(.bss)
    huart1                                   0x20000398   Data          72  usart.o(.bss)
    htim4                                    0x200003e0   Data          72  stm32f1xx_hal_timebase_tim.o(.bss)
    __libspace_start                         0x200018f0   Data          96  libspace.o(.bss)
    __temporary_stack_top$libspace           0x20001950   Data           0  libspace.o(.bss)



==============================================================================

Memory Map of the image

  Image Entry point : 0x080000ed

  Load Region LR_IROM1 (Base: 0x08000000, Size: 0x00006a9c, Max: 0x00010000, ABSOLUTE)

    Execution Region ER_IROM1 (Exec base: 0x08000000, Load base: 0x08000000, Size: 0x000069dc, Max: 0x00010000, ABSOLUTE)

    Exec Addr    Load Addr    Size         Type   Attr      Idx    E Section Name        Object

    0x08000000   0x08000000   0x000000ec   Data   RO            3    RESET               startup_stm32f103xb.o
    0x080000ec   0x080000ec   0x00000008   Code   RO         5954  * !!!main             c_w.l(__main.o)
    0x080000f4   0x080000f4   0x00000034   Code   RO         6322    !!!scatter          c_w.l(__scatter.o)
    0x08000128   0x08000128   0x0000001a   Code   RO         6324    !!handler_copy      c_w.l(__scatter_copy.o)
    0x08000142   0x08000142   0x00000002   PAD
    0x08000144   0x08000144   0x0000001c   Code   RO         6326    !!handler_zi        c_w.l(__scatter_zi.o)
    0x08000160   0x08000160   0x00000000   Code   RO         5943    .ARM.Collect$$_printf_percent$$00000000  c_w.l(_printf_percent.o)
    0x08000160   0x08000160   0x00000006   Code   RO         5942    .ARM.Collect$$_printf_percent$$00000003  c_w.l(_printf_f.o)
    0x08000166   0x08000166   0x00000006   Code   RO         5941    .ARM.Collect$$_printf_percent$$00000009  c_w.l(_printf_d.o)
    0x0800016c   0x0800016c   0x00000004   Code   RO         6064    .ARM.Collect$$_printf_percent$$00000017  c_w.l(_printf_percent_end.o)
    0x08000170   0x08000170   0x00000002   Code   RO         6188    .ARM.Collect$$libinit$$00000000  c_w.l(libinit.o)
    0x08000172   0x08000172   0x00000000   Code   RO         6190    .ARM.Collect$$libinit$$00000002  c_w.l(libinit2.o)
    0x08000172   0x08000172   0x00000000   Code   RO         6192    .ARM.Collect$$libinit$$00000004  c_w.l(libinit2.o)
    0x08000172   0x08000172   0x00000000   Code   RO         6195    .ARM.Collect$$libinit$$0000000A  c_w.l(libinit2.o)
    0x08000172   0x08000172   0x00000000   Code   RO         6197    .ARM.Collect$$libinit$$0000000C  c_w.l(libinit2.o)
    0x08000172   0x08000172   0x00000000   Code   RO         6199    .ARM.Collect$$libinit$$0000000E  c_w.l(libinit2.o)
    0x08000172   0x08000172   0x00000006   Code   RO         6200    .ARM.Collect$$libinit$$0000000F  c_w.l(libinit2.o)
    0x08000178   0x08000178   0x00000000   Code   RO         6202    .ARM.Collect$$libinit$$00000011  c_w.l(libinit2.o)
    0x08000178   0x08000178   0x00000000   Code   RO         6204    .ARM.Collect$$libinit$$00000013  c_w.l(libinit2.o)
    0x08000178   0x08000178   0x00000000   Code   RO         6206    .ARM.Collect$$libinit$$00000015  c_w.l(libinit2.o)
    0x08000178   0x08000178   0x0000000a   Code   RO         6207    .ARM.Collect$$libinit$$00000016  c_w.l(libinit2.o)
    0x08000182   0x08000182   0x00000000   Code   RO         6208    .ARM.Collect$$libinit$$00000017  c_w.l(libinit2.o)
    0x08000182   0x08000182   0x00000000   Code   RO         6210    .ARM.Collect$$libinit$$00000019  c_w.l(libinit2.o)
    0x08000182   0x08000182   0x00000000   Code   RO         6212    .ARM.Collect$$libinit$$0000001B  c_w.l(libinit2.o)
    0x08000182   0x08000182   0x00000000   Code   RO         6214    .ARM.Collect$$libinit$$0000001D  c_w.l(libinit2.o)
    0x08000182   0x08000182   0x00000000   Code   RO         6216    .ARM.Collect$$libinit$$0000001F  c_w.l(libinit2.o)
    0x08000182   0x08000182   0x00000000   Code   RO         6218    .ARM.Collect$$libinit$$00000021  c_w.l(libinit2.o)
    0x08000182   0x08000182   0x00000000   Code   RO         6220    .ARM.Collect$$libinit$$00000023  c_w.l(libinit2.o)
    0x08000182   0x08000182   0x00000000   Code   RO         6222    .ARM.Collect$$libinit$$00000025  c_w.l(libinit2.o)
    0x08000182   0x08000182   0x00000000   Code   RO         6226    .ARM.Collect$$libinit$$0000002C  c_w.l(libinit2.o)
    0x08000182   0x08000182   0x00000000   Code   RO         6228    .ARM.Collect$$libinit$$0000002E  c_w.l(libinit2.o)
    0x08000182   0x08000182   0x00000000   Code   RO         6230    .ARM.Collect$$libinit$$00000030  c_w.l(libinit2.o)
    0x08000182   0x08000182   0x00000000   Code   RO         6232    .ARM.Collect$$libinit$$00000032  c_w.l(libinit2.o)
    0x08000182   0x08000182   0x00000002   Code   RO         6233    .ARM.Collect$$libinit$$00000033  c_w.l(libinit2.o)
    0x08000184   0x08000184   0x00000002   Code   RO         6268    .ARM.Collect$$libshutdown$$00000000  c_w.l(libshutdown.o)
    0x08000186   0x08000186   0x00000000   Code   RO         6279    .ARM.Collect$$libshutdown$$00000002  c_w.l(libshutdown2.o)
    0x08000186   0x08000186   0x00000000   Code   RO         6281    .ARM.Collect$$libshutdown$$00000004  c_w.l(libshutdown2.o)
    0x08000186   0x08000186   0x00000000   Code   RO         6283    .ARM.Collect$$libshutdown$$00000006  c_w.l(libshutdown2.o)
    0x08000186   0x08000186   0x00000000   Code   RO         6286    .ARM.Collect$$libshutdown$$00000009  c_w.l(libshutdown2.o)
    0x08000186   0x08000186   0x00000000   Code   RO         6289    .ARM.Collect$$libshutdown$$0000000C  c_w.l(libshutdown2.o)
    0x08000186   0x08000186   0x00000000   Code   RO         6291    .ARM.Collect$$libshutdown$$0000000E  c_w.l(libshutdown2.o)
    0x08000186   0x08000186   0x00000000   Code   RO         6294    .ARM.Collect$$libshutdown$$00000011  c_w.l(libshutdown2.o)
    0x08000186   0x08000186   0x00000002   Code   RO         6295    .ARM.Collect$$libshutdown$$00000012  c_w.l(libshutdown2.o)
    0x08000188   0x08000188   0x00000000   Code   RO         6004    .ARM.Collect$$rtentry$$00000000  c_w.l(__rtentry.o)
    0x08000188   0x08000188   0x00000000   Code   RO         6102    .ARM.Collect$$rtentry$$00000002  c_w.l(__rtentry2.o)
    0x08000188   0x08000188   0x00000006   Code   RO         6114    .ARM.Collect$$rtentry$$00000004  c_w.l(__rtentry4.o)
    0x0800018e   0x0800018e   0x00000000   Code   RO         6104    .ARM.Collect$$rtentry$$00000009  c_w.l(__rtentry2.o)
    0x0800018e   0x0800018e   0x00000004   Code   RO         6105    .ARM.Collect$$rtentry$$0000000A  c_w.l(__rtentry2.o)
    0x08000192   0x08000192   0x00000000   Code   RO         6107    .ARM.Collect$$rtentry$$0000000C  c_w.l(__rtentry2.o)
    0x08000192   0x08000192   0x00000008   Code   RO         6108    .ARM.Collect$$rtentry$$0000000D  c_w.l(__rtentry2.o)
    0x0800019a   0x0800019a   0x00000002   Code   RO         6236    .ARM.Collect$$rtexit$$00000000  c_w.l(rtexit.o)
    0x0800019c   0x0800019c   0x00000000   Code   RO         6246    .ARM.Collect$$rtexit$$00000002  c_w.l(rtexit2.o)
    0x0800019c   0x0800019c   0x00000004   Code   RO         6247    .ARM.Collect$$rtexit$$00000003  c_w.l(rtexit2.o)
    0x080001a0   0x080001a0   0x00000006   Code   RO         6248    .ARM.Collect$$rtexit$$00000004  c_w.l(rtexit2.o)
    0x080001a6   0x080001a6   0x00000002   PAD
    0x080001a8   0x080001a8   0x00000096   Code   RO         5040    .emb_text           port.o
    0x0800023e   0x0800023e   0x00000002   PAD
    0x08000240   0x08000240   0x00000040   Code   RO            4    .text               startup_stm32f103xb.o
    0x08000280   0x08000280   0x0000002c   Code   RO         5913    .text               c_w.l(__2sprintf.o)
    0x080002ac   0x080002ac   0x00000078   Code   RO         5919    .text               c_w.l(_printf_dec.o)
    0x08000324   0x08000324   0x00000188   Code   RO         5938    .text               c_w.l(__printf_flags_ss_wp.o)
    0x080004ac   0x080004ac   0x0000003e   Code   RO         5944    .text               c_w.l(strlen.o)
    0x080004ea   0x080004ea   0x0000008a   Code   RO         5946    .text               c_w.l(rt_memcpy_v6.o)
    0x08000574   0x08000574   0x00000044   Code   RO         5948    .text               c_w.l(rt_memclr.o)
    0x080005b8   0x080005b8   0x0000004e   Code   RO         5950    .text               c_w.l(rt_memclr_w.o)
    0x08000606   0x08000606   0x00000006   Code   RO         5952    .text               c_w.l(heapauxi.o)
    0x0800060c   0x0800060c   0x000000b2   Code   RO         6011    .text               c_w.l(_printf_intcommon.o)
    0x080006be   0x080006be   0x0000041e   Code   RO         6015    .text               c_w.l(_printf_fp_dec.o)
    0x08000adc   0x08000adc   0x00000030   Code   RO         6017    .text               c_w.l(_printf_char_common.o)
    0x08000b0c   0x08000b0c   0x0000000a   Code   RO         6019    .text               c_w.l(_sputc.o)
    0x08000b16   0x08000b16   0x00000064   Code   RO         6074    .text               c_w.l(rt_memcpy_w.o)
    0x08000b7a   0x08000b7a   0x00000002   PAD
    0x08000b7c   0x08000b7c   0x00000008   Code   RO         6119    .text               c_w.l(rt_locale_intlibspace.o)
    0x08000b84   0x08000b84   0x0000008a   Code   RO         6121    .text               c_w.l(lludiv10.o)
    0x08000c0e   0x08000c0e   0x00000002   PAD
    0x08000c10   0x08000c10   0x00000080   Code   RO         6126    .text               c_w.l(_printf_fp_infnan.o)
    0x08000c90   0x08000c90   0x000000e4   Code   RO         6134    .text               c_w.l(bigflt0.o)
    0x08000d74   0x08000d74   0x00000008   Code   RO         6172    .text               c_w.l(libspace.o)
    0x08000d7c   0x08000d7c   0x0000004a   Code   RO         6175    .text               c_w.l(sys_stackheap_outer.o)
    0x08000dc6   0x08000dc6   0x00000012   Code   RO         6179    .text               c_w.l(exit.o)
    0x08000dd8   0x08000dd8   0x00000080   Code   RO         6181    .text               c_w.l(strcmpv7m.o)
    0x08000e58   0x08000e58   0x0000000c   Code   RO         6258    .text               c_w.l(sys_exit.o)
    0x08000e64   0x08000e64   0x00000002   Code   RO         6269    .text               c_w.l(use_no_semi.o)
    0x08000e66   0x08000e66   0x00000000   Code   RO         6271    .text               c_w.l(indicate_semi.o)
    0x08000e66   0x08000e66   0x0000003e   Code   RO         6137    CL$$btod_d2e        c_w.l(btod.o)
    0x08000ea4   0x08000ea4   0x00000046   Code   RO         6139    CL$$btod_d2e_denorm_low  c_w.l(btod.o)
    0x08000eea   0x08000eea   0x00000060   Code   RO         6138    CL$$btod_d2e_norm_op1  c_w.l(btod.o)
    0x08000f4a   0x08000f4a   0x00000338   Code   RO         6147    CL$$btod_div_common  c_w.l(btod.o)
    0x08001282   0x08001282   0x000000dc   Code   RO         6144    CL$$btod_e2e        c_w.l(btod.o)
    0x0800135e   0x0800135e   0x0000002a   Code   RO         6141    CL$$btod_ediv       c_w.l(btod.o)
    0x08001388   0x08001388   0x0000002a   Code   RO         6140    CL$$btod_emul       c_w.l(btod.o)
    0x080013b2   0x080013b2   0x00000244   Code   RO         6146    CL$$btod_mult_common  c_w.l(btod.o)
    0x080015f6   0x080015f6   0x00000054   Code   RO         1385    i.ADC_ConversionStop_Disable  stm32f1xx_hal_adc.o
    0x0800164a   0x0800164a   0x00000002   PAD
    0x0800164c   0x0800164c   0x00000078   Code   RO         1389    i.ADC_Enable        stm32f1xx_hal_adc.o
    0x080016c4   0x080016c4   0x00000010   Code   RO          230    i.BUZZER_OFF        buzzer.o
    0x080016d4   0x080016d4   0x00000010   Code   RO          231    i.BUZZER_ON         buzzer.o
    0x080016e4   0x080016e4   0x00000002   Code   RO         1186    i.BusFault_Handler  stm32f1xx_it.o
    0x080016e6   0x080016e6   0x00000002   PAD
    0x080016e8   0x080016e8   0x0000001c   Code   RO          181    i.DHT11_DelayUs     dht11.o
    0x08001704   0x08001704   0x00000140   Code   RO          182    i.DHT11_Read        dht11.o
    0x08001844   0x08001844   0x00000044   Code   RO          183    i.DHT11_Write       dht11.o
    0x08001888   0x08001888   0x00000002   Code   RO         1187    i.DebugMon_Handler  stm32f1xx_it.o
    0x0800188a   0x0800188a   0x00000004   Code   RO          758    i.Error_Handler     main.o
    0x0800188e   0x0800188e   0x00000002   PAD
    0x08001890   0x08001890   0x000000fc   Code   RO         1391    i.HAL_ADC_ConfigChannel  stm32f1xx_hal_adc.o
    0x0800198c   0x0800198c   0x00000006   Code   RO         1398    i.HAL_ADC_GetValue  stm32f1xx_hal_adc.o
    0x08001992   0x08001992   0x00000002   PAD
    0x08001994   0x08001994   0x0000011c   Code   RO         1400    i.HAL_ADC_Init      stm32f1xx_hal_adc.o
    0x08001ab0   0x08001ab0   0x00000058   Code   RO          917    i.HAL_ADC_MspInit   adc.o
    0x08001b08   0x08001b08   0x0000013c   Code   RO         1404    i.HAL_ADC_PollForConversion  stm32f1xx_hal_adc.o
    0x08001c44   0x08001c44   0x000000c0   Code   RO         1406    i.HAL_ADC_Start     stm32f1xx_hal_adc.o
    0x08001d04   0x08001d04   0x00000034   Code   RO         1409    i.HAL_ADC_Stop      stm32f1xx_hal_adc.o
    0x08001d38   0x08001d38   0x00000024   Code   RO         1668    i.HAL_Delay         stm32f1xx_hal.o
    0x08001d5c   0x08001d5c   0x000001cc   Code   RO         1978    i.HAL_GPIO_Init     stm32f1xx_hal_gpio.o
    0x08001f28   0x08001f28   0x0000000a   Code   RO         1980    i.HAL_GPIO_ReadPin  stm32f1xx_hal_gpio.o
    0x08001f32   0x08001f32   0x00000010   Code   RO         1981    i.HAL_GPIO_TogglePin  stm32f1xx_hal_gpio.o
    0x08001f42   0x08001f42   0x0000000a   Code   RO         1982    i.HAL_GPIO_WritePin  stm32f1xx_hal_gpio.o
    0x08001f4c   0x08001f4c   0x0000000c   Code   RO         1672    i.HAL_GetTick       stm32f1xx_hal.o
    0x08001f58   0x08001f58   0x00000188   Code   RO         2649    i.HAL_I2C_Init      stm32f1xx_hal_i2c.o
    0x080020e0   0x080020e0   0x0000005c   Code   RO          959    i.HAL_I2C_MspInit   i2c.o
    0x0800213c   0x0800213c   0x00000010   Code   RO         1678    i.HAL_IncTick       stm32f1xx_hal.o
    0x0800214c   0x0800214c   0x00000024   Code   RO         1679    i.HAL_Init          stm32f1xx_hal.o
    0x08002170   0x08002170   0x00000098   Code   RO         1310    i.HAL_InitTick      stm32f1xx_hal_timebase_tim.o
    0x08002208   0x08002208   0x0000003c   Code   RO         1286    i.HAL_MspInit       stm32f1xx_hal_msp.o
    0x08002244   0x08002244   0x0000001a   Code   RO         2138    i.HAL_NVIC_EnableIRQ  stm32f1xx_hal_cortex.o
    0x0800225e   0x0800225e   0x00000002   PAD
    0x08002260   0x08002260   0x00000040   Code   RO         2144    i.HAL_NVIC_SetPriority  stm32f1xx_hal_cortex.o
    0x080022a0   0x080022a0   0x00000024   Code   RO         2145    i.HAL_NVIC_SetPriorityGrouping  stm32f1xx_hal_cortex.o
    0x080022c4   0x080022c4   0x0000000c   Code   RO         2260    i.HAL_PWR_EnableBkUpAccess  stm32f1xx_hal_pwr.o
    0x080022d0   0x080022d0   0x000000a4   Code   RO         1939    i.HAL_RCCEx_GetPeriphCLKFreq  stm32f1xx_hal_rcc_ex.o
    0x08002374   0x08002374   0x000000e8   Code   RO         1940    i.HAL_RCCEx_PeriphCLKConfig  stm32f1xx_hal_rcc_ex.o
    0x0800245c   0x0800245c   0x00000138   Code   RO         1836    i.HAL_RCC_ClockConfig  stm32f1xx_hal_rcc.o
    0x08002594   0x08002594   0x00000040   Code   RO         1840    i.HAL_RCC_GetClockConfig  stm32f1xx_hal_rcc.o
    0x080025d4   0x080025d4   0x0000000c   Code   RO         1841    i.HAL_RCC_GetHCLKFreq  stm32f1xx_hal_rcc.o
    0x080025e0   0x080025e0   0x00000020   Code   RO         1843    i.HAL_RCC_GetPCLK1Freq  stm32f1xx_hal_rcc.o
    0x08002600   0x08002600   0x00000020   Code   RO         1844    i.HAL_RCC_GetPCLK2Freq  stm32f1xx_hal_rcc.o
    0x08002620   0x08002620   0x0000004c   Code   RO         1845    i.HAL_RCC_GetSysClockFreq  stm32f1xx_hal_rcc.o
    0x0800266c   0x0800266c   0x00000318   Code   RO         1848    i.HAL_RCC_OscConfig  stm32f1xx_hal_rcc.o
    0x08002984   0x08002984   0x0000004e   Code   RO         3080    i.HAL_RTC_GetDate   stm32f1xx_hal_rtc.o
    0x080029d2   0x080029d2   0x000000d8   Code   RO         3082    i.HAL_RTC_GetTime   stm32f1xx_hal_rtc.o
    0x08002aaa   0x08002aaa   0x00000002   PAD
    0x08002aac   0x08002aac   0x00000094   Code   RO         3083    i.HAL_RTC_Init      stm32f1xx_hal_rtc.o
    0x08002b40   0x08002b40   0x00000034   Code   RO         1001    i.HAL_RTC_MspInit   rtc.o
    0x08002b74   0x08002b74   0x000000c4   Code   RO         3089    i.HAL_RTC_SetDate   stm32f1xx_hal_rtc.o
    0x08002c38   0x08002c38   0x000000b0   Code   RO         3090    i.HAL_RTC_SetTime   stm32f1xx_hal_rtc.o
    0x08002ce8   0x08002ce8   0x0000003a   Code   RO         3091    i.HAL_RTC_WaitForSynchro  stm32f1xx_hal_rtc.o
    0x08002d22   0x08002d22   0x000000b2   Code   RO         3358    i.HAL_SPI_Init      stm32f1xx_hal_spi.o
    0x08002dd4   0x08002dd4   0x00000074   Code   RO         1043    i.HAL_SPI_MspInit   spi.o
    0x08002e48   0x08002e48   0x00000002   Code   RO         4375    i.HAL_TIMEx_BreakCallback  stm32f1xx_hal_tim_ex.o
    0x08002e4a   0x08002e4a   0x00000002   Code   RO         4376    i.HAL_TIMEx_CommutCallback  stm32f1xx_hal_tim_ex.o
    0x08002e4c   0x08002e4c   0x00000068   Code   RO         4394    i.HAL_TIMEx_MasterConfigSynchronization  stm32f1xx_hal_tim_ex.o
    0x08002eb4   0x08002eb4   0x0000005a   Code   RO         3671    i.HAL_TIM_Base_Init  stm32f1xx_hal_tim.o
    0x08002f0e   0x08002f0e   0x00000002   PAD
    0x08002f10   0x08002f10   0x00000108   Code   RO         1085    i.HAL_TIM_Base_MspInit  tim.o
    0x08003018   0x08003018   0x00000058   Code   RO         3676    i.HAL_TIM_Base_Start_IT  stm32f1xx_hal_tim.o
    0x08003070   0x08003070   0x000000dc   Code   RO         3680    i.HAL_TIM_ConfigClockSource  stm32f1xx_hal_tim.o
    0x0800314c   0x0800314c   0x000000b0   Code   RO          263    i.HAL_TIM_IC_CaptureCallback  ir.o
    0x080031fc   0x080031fc   0x00000122   Code   RO         3707    i.HAL_TIM_IC_ConfigChannel  stm32f1xx_hal_tim.o
    0x0800331e   0x0800331e   0x0000005a   Code   RO         3710    i.HAL_TIM_IC_Init   stm32f1xx_hal_tim.o
    0x08003378   0x08003378   0x00000002   Code   RO         3712    i.HAL_TIM_IC_MspInit  stm32f1xx_hal_tim.o
    0x0800337a   0x0800337a   0x00000002   PAD
    0x0800337c   0x0800337c   0x000000c8   Code   RO         3713    i.HAL_TIM_IC_Start  stm32f1xx_hal_tim.o
    0x08003444   0x08003444   0x00000104   Code   RO         3715    i.HAL_TIM_IC_Start_IT  stm32f1xx_hal_tim.o
    0x08003548   0x08003548   0x00000130   Code   RO         3719    i.HAL_TIM_IRQHandler  stm32f1xx_hal_tim.o
    0x08003678   0x08003678   0x00000060   Code   RO         1086    i.HAL_TIM_MspPostInit  tim.o
    0x080036d8   0x080036d8   0x00000002   Code   RO         3722    i.HAL_TIM_OC_DelayElapsedCallback  stm32f1xx_hal_tim.o
    0x080036da   0x080036da   0x000000cc   Code   RO         3743    i.HAL_TIM_PWM_ConfigChannel  stm32f1xx_hal_tim.o
    0x080037a6   0x080037a6   0x0000005a   Code   RO         3746    i.HAL_TIM_PWM_Init  stm32f1xx_hal_tim.o
    0x08003800   0x08003800   0x00000002   Code   RO         3748    i.HAL_TIM_PWM_MspInit  stm32f1xx_hal_tim.o
    0x08003802   0x08003802   0x00000002   Code   RO         3749    i.HAL_TIM_PWM_PulseFinishedCallback  stm32f1xx_hal_tim.o
    0x08003804   0x08003804   0x000000a0   Code   RO         3751    i.HAL_TIM_PWM_Start  stm32f1xx_hal_tim.o
    0x080038a4   0x080038a4   0x0000004c   Code   RO          759    i.HAL_TIM_PeriodElapsedCallback  main.o
    0x080038f0   0x080038f0   0x0000002a   Code   RO         3759    i.HAL_TIM_ReadCapturedValue  stm32f1xx_hal_tim.o
    0x0800391a   0x0800391a   0x00000002   Code   RO         3762    i.HAL_TIM_TriggerCallback  stm32f1xx_hal_tim.o
    0x0800391c   0x0800391c   0x00000064   Code   RO         4672    i.HAL_UART_Init     stm32f1xx_hal_uart.o
    0x08003980   0x08003980   0x00000070   Code   RO         1145    i.HAL_UART_MspInit  usart.o
    0x080039f0   0x080039f0   0x000000a0   Code   RO         4680    i.HAL_UART_Transmit  stm32f1xx_hal_uart.o
    0x08003a90   0x08003a90   0x00000002   Code   RO         1188    i.HardFault_Handler  stm32f1xx_it.o
    0x08003a92   0x08003a92   0x00000002   PAD
    0x08003a94   0x08003a94   0x0000004c   Code   RO          918    i.MX_ADC1_Init      adc.o
    0x08003ae0   0x08003ae0   0x00000130   Code   RO          892    i.MX_GPIO_Init      gpio.o
    0x08003c10   0x08003c10   0x00000040   Code   RO          960    i.MX_I2C1_Init      i2c.o
    0x08003c50   0x08003c50   0x00000074   Code   RO         1002    i.MX_RTC_Init       rtc.o
    0x08003cc4   0x08003cc4   0x00000048   Code   RO         1044    i.MX_SPI2_Init      spi.o
    0x08003d0c   0x08003d0c   0x0000009c   Code   RO         1087    i.MX_TIM1_Init      tim.o
    0x08003da8   0x08003da8   0x000000ac   Code   RO         1088    i.MX_TIM2_Init      tim.o
    0x08003e54   0x08003e54   0x000000ac   Code   RO         1089    i.MX_TIM3_Init      tim.o
    0x08003f00   0x08003f00   0x00000038   Code   RO         1146    i.MX_USART1_UART_Init  usart.o
    0x08003f38   0x08003f38   0x00000002   Code   RO         1189    i.MemManage_Handler  stm32f1xx_it.o
    0x08003f3a   0x08003f3a   0x00000002   Code   RO         1190    i.NMI_Handler       stm32f1xx_it.o
    0x08003f3c   0x08003f3c   0x00000012   Code   RO         3092    i.RTC_Bcd2ToByte    stm32f1xx_hal_rtc.o
    0x08003f4e   0x08003f4e   0x00000016   Code   RO         3093    i.RTC_ByteToBcd2    stm32f1xx_hal_rtc.o
    0x08003f64   0x08003f64   0x000000ae   Code   RO         3094    i.RTC_DateUpdate    stm32f1xx_hal_rtc.o
    0x08004012   0x08004012   0x00000034   Code   RO         3095    i.RTC_EnterInitMode  stm32f1xx_hal_rtc.o
    0x08004046   0x08004046   0x00000034   Code   RO         3096    i.RTC_ExitInitMode  stm32f1xx_hal_rtc.o
    0x0800407a   0x0800407a   0x0000000e   Code   RO         3097    i.RTC_ReadAlarmCounter  stm32f1xx_hal_rtc.o
    0x08004088   0x08004088   0x00000020   Code   RO         3098    i.RTC_ReadTimeCounter  stm32f1xx_hal_rtc.o
    0x080040a8   0x080040a8   0x00000056   Code   RO         3099    i.RTC_WeekDayNum    stm32f1xx_hal_rtc.o
    0x080040fe   0x080040fe   0x00000028   Code   RO         3100    i.RTC_WriteAlarmCounter  stm32f1xx_hal_rtc.o
    0x08004126   0x08004126   0x00000028   Code   RO         3101    i.RTC_WriteTimeCounter  stm32f1xx_hal_rtc.o
    0x0800414e   0x0800414e   0x00000002   PAD
    0x08004150   0x08004150   0x0000002c   Code   RO           13    i.Read_light_value  lightadc.o
    0x0800417c   0x0800417c   0x00000014   Code   RO         1191    i.SysTick_Handler   stm32f1xx_it.o
    0x08004190   0x08004190   0x00000086   Code   RO          760    i.SystemClock_Config  main.o
    0x08004216   0x08004216   0x00000002   Code   RO         5006    i.SystemInit        system_stm32f1xx.o
    0x08004218   0x08004218   0x0000000c   Code   RO         1192    i.TIM1_BRK_IRQHandler  stm32f1xx_it.o
    0x08004224   0x08004224   0x0000000c   Code   RO         1193    i.TIM1_CC_IRQHandler  stm32f1xx_it.o
    0x08004230   0x08004230   0x0000000c   Code   RO         1194    i.TIM1_TRG_COM_IRQHandler  stm32f1xx_it.o
    0x0800423c   0x0800423c   0x0000000c   Code   RO         1195    i.TIM1_UP_IRQHandler  stm32f1xx_it.o
    0x08004248   0x08004248   0x0000000c   Code   RO         1196    i.TIM3_IRQHandler   stm32f1xx_it.o
    0x08004254   0x08004254   0x0000000c   Code   RO         1197    i.TIM4_IRQHandler   stm32f1xx_it.o
    0x08004260   0x08004260   0x00000078   Code   RO         3764    i.TIM_Base_SetConfig  stm32f1xx_hal_tim.o
    0x080042d8   0x080042d8   0x0000001a   Code   RO         3765    i.TIM_CCxChannelCmd  stm32f1xx_hal_tim.o
    0x080042f2   0x080042f2   0x00000014   Code   RO         3775    i.TIM_ETR_SetConfig  stm32f1xx_hal_tim.o
    0x08004306   0x08004306   0x00000010   Code   RO         3776    i.TIM_ITRx_SetConfig  stm32f1xx_hal_tim.o
    0x08004316   0x08004316   0x00000002   PAD
    0x08004318   0x08004318   0x00000058   Code   RO         3777    i.TIM_OC1_SetConfig  stm32f1xx_hal_tim.o
    0x08004370   0x08004370   0x0000005c   Code   RO         3778    i.TIM_OC2_SetConfig  stm32f1xx_hal_tim.o
    0x080043cc   0x080043cc   0x00000058   Code   RO         3779    i.TIM_OC3_SetConfig  stm32f1xx_hal_tim.o
    0x08004424   0x08004424   0x00000044   Code   RO         3780    i.TIM_OC4_SetConfig  stm32f1xx_hal_tim.o
    0x08004468   0x08004468   0x00000022   Code   RO         3782    i.TIM_TI1_ConfigInputStage  stm32f1xx_hal_tim.o
    0x0800448a   0x0800448a   0x00000002   PAD
    0x0800448c   0x0800448c   0x00000058   Code   RO         3783    i.TIM_TI1_SetConfig  stm32f1xx_hal_tim.o
    0x080044e4   0x080044e4   0x00000024   Code   RO         3784    i.TIM_TI2_ConfigInputStage  stm32f1xx_hal_tim.o
    0x08004508   0x08004508   0x00000036   Code   RO         3785    i.TIM_TI2_SetConfig  stm32f1xx_hal_tim.o
    0x0800453e   0x0800453e   0x0000004e   Code   RO         4695    i.UART_EndRxTransfer  stm32f1xx_hal_uart.o
    0x0800458c   0x0800458c   0x000000b8   Code   RO         4698    i.UART_SetConfig    stm32f1xx_hal_uart.o
    0x08004644   0x08004644   0x00000070   Code   RO         4701    i.UART_WaitOnFlagUntilTimeout  stm32f1xx_hal_uart.o
    0x080046b4   0x080046b4   0x00000002   Code   RO         1198    i.UsageFault_Handler  stm32f1xx_it.o
    0x080046b6   0x080046b6   0x00000028   Code   RO         6170    i.__ARM_fpclassify  m_ws.l(fpclassify.o)
    0x080046de   0x080046de   0x00000020   Code   RO         2151    i.__NVIC_SetPriority  stm32f1xx_hal_cortex.o
    0x080046fe   0x080046fe   0x0000000e   Code   RO         5931    i._is_digit         c_w.l(__printf_wp.o)
    0x0800470c   0x0800470c   0x00000014   Code   RO          264    i.appro             ir.o
    0x08004720   0x08004720   0x0000004c   Code   RO          761    i.event_dispatch_task  main.o
    0x0800476c   0x0800476c   0x0000005c   Code   RO          762    i.flashing_task     main.o
    0x080047c8   0x080047c8   0x000000dc   Code   RO          265    i.hx1838_data_decode  ir.o
    0x080048a4   0x080048a4   0x000001e4   Code   RO          266    i.hx1838_proc       ir.o
    0x08004a88   0x08004a88   0x00000084   Code   RO          763    i.light_task        main.o
    0x08004b0c   0x08004b0c   0x000000e8   Code   RO          764    i.main              main.o
    0x08004bf4   0x08004bf4   0x00000088   Code   RO         5585    i.prvAddCurrentTaskToDelayedList  tasks.o
    0x08004c7c   0x08004c7c   0x000000f0   Code   RO         5586    i.prvAddNewTaskToReadyList  tasks.o
    0x08004d6c   0x08004d6c   0x00000026   Code   RO         5306    i.prvCopyDataFromQueue  queue.o
    0x08004d92   0x08004d92   0x0000006c   Code   RO         5307    i.prvCopyDataToQueue  queue.o
    0x08004dfe   0x08004dfe   0x00000014   Code   RO         5587    i.prvDeleteTCB      tasks.o
    0x08004e12   0x08004e12   0x00000002   PAD
    0x08004e14   0x08004e14   0x00000044   Code   RO         5111    i.prvHeapInit       heap_4.o
    0x08004e58   0x08004e58   0x0000005c   Code   RO         5588    i.prvIdleTask       tasks.o
    0x08004eb4   0x08004eb4   0x00000072   Code   RO         5589    i.prvInitialiseNewTask  tasks.o
    0x08004f26   0x08004f26   0x00000002   PAD
    0x08004f28   0x08004f28   0x0000004c   Code   RO         5112    i.prvInsertBlockIntoFreeList  heap_4.o
    0x08004f74   0x08004f74   0x0000001a   Code   RO         5308    i.prvIsQueueEmpty   queue.o
    0x08004f8e   0x08004f8e   0x00000002   PAD
    0x08004f90   0x08004f90   0x0000001c   Code   RO         5590    i.prvResetNextTaskUnblockTime  tasks.o
    0x08004fac   0x08004fac   0x00000010   Code   RO         5041    i.prvTaskExitError  port.o
    0x08004fbc   0x08004fbc   0x00000014   Code   RO         5190    i.prvTestWaitCondition  event_groups.o
    0x08004fd0   0x08004fd0   0x0000006a   Code   RO         5309    i.prvUnlockQueue    queue.o
    0x0800503a   0x0800503a   0x00000002   PAD
    0x0800503c   0x0800503c   0x00000098   Code   RO         5114    i.pvPortMalloc      heap_4.o
    0x080050d4   0x080050d4   0x00000018   Code   RO         5592    i.pvTaskIncrementMutexHeldCount  tasks.o
    0x080050ec   0x080050ec   0x0000005c   Code   RO          765    i.pwmLed_task       main.o
    0x08005148   0x08005148   0x00000024   Code   RO         5042    i.pxPortInitialiseStack  port.o
    0x0800516c   0x0800516c   0x00000040   Code   RO          766    i.red_task          main.o
    0x080051ac   0x080051ac   0x00000090   Code   RO          767    i.rtcTime_task      main.o
    0x0800523c   0x0800523c   0x0000001c   Code   RO          267    i.rx_rcv_init       ir.o
    0x08005258   0x08005258   0x000001cc   Code   RO          768    i.start_task        main.o
    0x08005424   0x08005424   0x0000003c   Code   RO          769    i.switch_num        main.o
    0x08005460   0x08005460   0x000000b0   Code   RO          770    i.temp_task         main.o
    0x08005510   0x08005510   0x0000011c   Code   RO          771    i.ultrasound_task   main.o
    0x0800562c   0x0800562c   0x00000026   Code   RO         5270    i.uxListRemove      list.o
    0x08005652   0x08005652   0x00000002   PAD
    0x08005654   0x08005654   0x00000018   Code   RO         5598    i.uxTaskResetEventItemValue  tasks.o
    0x0800566c   0x0800566c   0x00000016   Code   RO         5271    i.vListInitialise   list.o
    0x08005682   0x08005682   0x00000006   Code   RO         5272    i.vListInitialiseItem  list.o
    0x08005688   0x08005688   0x00000030   Code   RO         5273    i.vListInsert       list.o
    0x080056b8   0x080056b8   0x00000018   Code   RO         5274    i.vListInsertEnd    list.o
    0x080056d0   0x080056d0   0x0000001c   Code   RO         5044    i.vPortEnterCritical  port.o
    0x080056ec   0x080056ec   0x00000014   Code   RO         5045    i.vPortExitCritical  port.o
    0x08005700   0x08005700   0x00000044   Code   RO         5115    i.vPortFree         heap_4.o
    0x08005744   0x08005744   0x00000018   Code   RO         5046    i.vPortSetupTimerInterrupt  port.o
    0x0800575c   0x0800575c   0x00000030   Code   RO         5599    i.vTaskDelay        tasks.o
    0x0800578c   0x0800578c   0x0000009c   Code   RO         5600    i.vTaskDelete       tasks.o
    0x08005828   0x08005828   0x00000010   Code   RO         5603    i.vTaskInternalSetTimeOutState  tasks.o
    0x08005838   0x08005838   0x0000000c   Code   RO         5604    i.vTaskMissedYield  tasks.o
    0x08005844   0x08005844   0x00000024   Code   RO         5605    i.vTaskPlaceOnEventList  tasks.o
    0x08005868   0x08005868   0x00000040   Code   RO         5606    i.vTaskPlaceOnUnorderedEventList  tasks.o
    0x080058a8   0x080058a8   0x0000009c   Code   RO         5607    i.vTaskPriorityDisinheritAfterTimeout  tasks.o
    0x08005944   0x08005944   0x000000a4   Code   RO         5609    i.vTaskRemoveFromUnorderedEventList  tasks.o
    0x080059e8   0x080059e8   0x00000050   Code   RO         5612    i.vTaskStartScheduler  tasks.o
    0x08005a38   0x08005a38   0x00000010   Code   RO         5614    i.vTaskSuspendAll   tasks.o
    0x08005a48   0x08005a48   0x00000044   Code   RO         5615    i.vTaskSwitchContext  tasks.o
    0x08005a8c   0x08005a8c   0x0000001a   Code   RO         5194    i.xEventGroupClearBits  event_groups.o
    0x08005aa6   0x08005aa6   0x0000001a   Code   RO         5195    i.xEventGroupCreate  event_groups.o
    0x08005ac0   0x08005ac0   0x00000064   Code   RO         5197    i.xEventGroupSetBits  event_groups.o
    0x08005b24   0x08005b24   0x000000bc   Code   RO         5199    i.xEventGroupWaitBits  event_groups.o
    0x08005be0   0x08005be0   0x00000030   Code   RO         5047    i.xPortStartScheduler  port.o
    0x08005c10   0x08005c10   0x0000002c   Code   RO         5048    i.xPortSysTickHandler  port.o
    0x08005c3c   0x08005c3c   0x00000022   Code   RO         5314    i.xQueueCreateCountingSemaphore  queue.o
    0x08005c5e   0x08005c5e   0x00000024   Code   RO         5315    i.xQueueCreateMutex  queue.o
    0x08005c82   0x08005c82   0x00000046   Code   RO         5316    i.xQueueGenericCreate  queue.o
    0x08005cc8   0x08005cc8   0x00000094   Code   RO         5317    i.xQueueGenericReset  queue.o
    0x08005d5c   0x08005d5c   0x00000100   Code   RO         5318    i.xQueueGenericSend  queue.o
    0x08005e5c   0x08005e5c   0x000000f0   Code   RO         5325    i.xQueueReceive     queue.o
    0x08005f4c   0x08005f4c   0x00000128   Code   RO         5327    i.xQueueSemaphoreTake  queue.o
    0x08006074   0x08006074   0x00000058   Code   RO         5617    i.xTaskCheckForTimeOut  tasks.o
    0x080060cc   0x080060cc   0x0000005c   Code   RO         5618    i.xTaskCreate       tasks.o
    0x08006128   0x08006128   0x0000001c   Code   RO         5625    i.xTaskGetSchedulerState  tasks.o
    0x08006144   0x08006144   0x0000000c   Code   RO         5626    i.xTaskGetTickCount  tasks.o
    0x08006150   0x08006150   0x00000110   Code   RO         5628    i.xTaskIncrementTick  tasks.o
    0x08006260   0x08006260   0x0000008c   Code   RO         5629    i.xTaskPriorityDisinherit  tasks.o
    0x080062ec   0x080062ec   0x000000b4   Code   RO         5630    i.xTaskPriorityInherit  tasks.o
    0x080063a0   0x080063a0   0x000000c8   Code   RO         5631    i.xTaskRemoveFromEventList  tasks.o
    0x08006468   0x08006468   0x00000114   Code   RO         5632    i.xTaskResumeAll    tasks.o
    0x0800657c   0x0800657c   0x0000002c   Code   RO         6162    locale$$code        c_w.l(lc_numeric_c.o)
    0x080065a8   0x080065a8   0x0000000c   Code   RO         6082    x$fpl$dretinf       fz_ws.l(dretinf.o)
    0x080065b4   0x080065b4   0x00000056   Code   RO         5982    x$fpl$f2d           fz_ws.l(f2d.o)
    0x0800660a   0x0800660a   0x00000002   PAD
    0x0800660c   0x0800660c   0x0000000c   Code   RO         6088    x$fpl$fcheck1       fz_ws.l(fcheck1.o)
    0x08006618   0x08006618   0x00000026   Code   RO         5984    x$fpl$ffltu         fz_ws.l(fflt_clz.o)
    0x0800663e   0x0800663e   0x00000002   PAD
    0x08006640   0x08006640   0x00000102   Code   RO         5990    x$fpl$fmul          fz_ws.l(fmul.o)
    0x08006742   0x08006742   0x0000008c   Code   RO         6090    x$fpl$fnaninf       fz_ws.l(fnaninf.o)
    0x080067ce   0x080067ce   0x0000000a   Code   RO         6092    x$fpl$fretinf       fz_ws.l(fretinf.o)
    0x080067d8   0x080067d8   0x00000004   Code   RO         5992    x$fpl$printf1       fz_ws.l(printf1.o)
    0x080067dc   0x080067dc   0x00000064   Code   RO         6168    x$fpl$retnan        fz_ws.l(retnan.o)
    0x08006840   0x08006840   0x0000004c   Code   RO         5996    x$fpl$scalbnf       fz_ws.l(scalbnf.o)
    0x0800688c   0x0800688c   0x00000030   Code   RO         6234    x$fpl$trapveneer    fz_ws.l(trapv.o)
    0x080068bc   0x080068bc   0x00000000   Code   RO         6100    x$fpl$usenofp       fz_ws.l(usenofp.o)
    0x080068bc   0x080068bc   0x00000012   Data   RO         1849    .constdata          stm32f1xx_hal_rcc.o
    0x080068ce   0x080068ce   0x00000012   Data   RO         1941    .constdata          stm32f1xx_hal_rcc_ex.o
    0x080068e0   0x080068e0   0x00000010   Data   RO         5007    .constdata          system_stm32f1xx.o
    0x080068f0   0x080068f0   0x00000008   Data   RO         5008    .constdata          system_stm32f1xx.o
    0x080068f8   0x080068f8   0x00000011   Data   RO         5939    .constdata          c_w.l(__printf_flags_ss_wp.o)
    0x08006909   0x08006909   0x00000003   PAD
    0x0800690c   0x0800690c   0x00000094   Data   RO         6135    .constdata          c_w.l(bigflt0.o)
    0x080069a0   0x080069a0   0x00000020   Data   RO         6320    Region$$Table       anon$$obj.o
    0x080069c0   0x080069c0   0x0000001c   Data   RO         6161    locale$$data        c_w.l(lc_numeric_c.o)


    Execution Region RW_IRAM1 (Exec base: 0x20000000, Load base: 0x080069dc, Size: 0x00001f50, Max: 0x00005000, ABSOLUTE)

    Exec Addr    Load Addr    Size         Type   Attr      Idx    E Section Name        Object

    0x20000000   0x080069dc   0x00000012   Data   RW          269    .data               ir.o
    0x20000012   0x080069ee   0x00000002   PAD
    0x20000014   0x080069f0   0x0000003c   Data   RW          775    .data               main.o
    0x20000050   0x08006a2c   0x0000000c   Data   RW         1686    .data               stm32f1xx_hal.o
    0x2000005c   0x08006a38   0x00000004   Data   RW         5009    .data               system_stm32f1xx.o
    0x20000060   0x08006a3c   0x00000004   Data   RW         5049    .data               port.o
    0x20000064   0x08006a40   0x0000001c   Data   RW         5121    .data               heap_4.o
    0x20000080   0x08006a5c   0x00000040   Data   RW         5635    .data               tasks.o
    0x200000c0        -       0x00000110   Zero   RW          268    .bss                ir.o
    0x200001d0        -       0x00000030   Zero   RW          919    .bss                adc.o
    0x20000200        -       0x00000054   Zero   RW          961    .bss                i2c.o
    0x20000254        -       0x00000014   Zero   RW         1003    .bss                rtc.o
    0x20000268        -       0x00000058   Zero   RW         1045    .bss                spi.o
    0x200002c0        -       0x000000d8   Zero   RW         1090    .bss                tim.o
    0x20000398        -       0x00000048   Zero   RW         1147    .bss                usart.o
    0x200003e0        -       0x00000048   Zero   RW         1313    .bss                stm32f1xx_hal_timebase_tim.o
    0x20000428        -       0x00001400   Zero   RW         5120    .bss                heap_4.o
    0x20001828        -       0x000000c8   Zero   RW         5634    .bss                tasks.o
    0x200018f0        -       0x00000060   Zero   RW         6173    .bss                c_w.l(libspace.o)
    0x20001950        -       0x00000200   Zero   RW            2    HEAP                startup_stm32f103xb.o
    0x20001b50        -       0x00000400   Zero   RW            1    STACK               startup_stm32f103xb.o


==============================================================================

Image component sizes


      Code (inc. data)   RO Data    RW Data    ZI Data      Debug   Object Name

       164         20          0          0         48       1669   adc.o
        32         12          0          0          0        829   buzzer.o
       416         14          0          0          0       3131   dht11.o
       360          4          0          0          0      18018   event_groups.o
       304         16          0          0          0       1043   gpio.o
       364         22          0         28       5120       5775   heap_4.o
       156         26          0          0         84       1649   i2c.o
       928        132          0         18        272      23356   ir.o
        44          6          0          0          0     460955   lightadc.o
       138          0          0          0          0       3194   list.o
      2026        446          0         60          0      12100   main.o
         0          0          0          0          0       1476   oled.o
       366         44          0          4          0       9204   port.o
      1358         24          0          0          0      14457   queue.o
       168         20          0          0         20       1607   rtc.o
       188         22          0          0         88       1677   spi.o
        64         26        236          0       1536        804   startup_stm32f103xb.o
       100         18          0         12          0       5290   stm32f1xx_hal.o
      1306         54          0          0          0       7339   stm32f1xx_hal_adc.o
       158         14          0          0          0      28178   stm32f1xx_hal_cortex.o
       496         34          0          0          0       4108   stm32f1xx_hal_gpio.o
       392         16          0          0          0       3219   stm32f1xx_hal_i2c.o
        60          8          0          0          0        890   stm32f1xx_hal_msp.o
        12          4          0          0          0        519   stm32f1xx_hal_pwr.o
      1320        100         18          0          0       6385   stm32f1xx_hal_rcc.o
       396         28         18          0          0       2577   stm32f1xx_hal_rcc_ex.o
      1402         14          0          0          0      12960   stm32f1xx_hal_rtc.o
       178          0          0          0          0       1171   stm32f1xx_hal_spi.o
      2778         92          0          0          0      23152   stm32f1xx_hal_tim.o
       108         12          0          0          0       2509   stm32f1xx_hal_tim_ex.o
       152         20          0          0         72       1495   stm32f1xx_hal_timebase_tim.o
       634          6          0          0          0       4652   stm32f1xx_hal_uart.o
       104         36          0          0          0       5789   stm32f1xx_it.o
         2          0         24          4          0       1131   system_stm32f1xx.o
      2782        196          0         64        200      35456   tasks.o
       860         62          0          0        216       4134   tim.o
       168         20          0          0         72       1706   usart.o

    ----------------------------------------------------------------------
     20520       1568        328        192       7728     713604   Object Totals
         0          0         32          0          0          0   (incl. Generated)
        36          0          0          2          0          0   (incl. Padding)

    ----------------------------------------------------------------------

      Code (inc. data)   RO Data    RW Data    ZI Data      Debug   Library Member Name

        44          6          0          0          0         84   __2sprintf.o
         8          0          0          0          0         68   __main.o
       392          4         17          0          0         92   __printf_flags_ss_wp.o
        14          0          0          0          0         68   __printf_wp.o
         0          0          0          0          0          0   __rtentry.o
        12          0          0          0          0          0   __rtentry2.o
         6          0          0          0          0          0   __rtentry4.o
        52          8          0          0          0          0   __scatter.o
        26          0          0          0          0          0   __scatter_copy.o
        28          0          0          0          0          0   __scatter_zi.o
        48          6          0          0          0         96   _printf_char_common.o
         6          0          0          0          0          0   _printf_d.o
       120         16          0          0          0         92   _printf_dec.o
         6          0          0          0          0          0   _printf_f.o
      1054          0          0          0          0        216   _printf_fp_dec.o
       128         16          0          0          0         84   _printf_fp_infnan.o
       178          0          0          0          0         88   _printf_intcommon.o
         0          0          0          0          0          0   _printf_percent.o
         4          0          0          0          0          0   _printf_percent_end.o
        10          0          0          0          0         68   _sputc.o
       228          4        148          0          0         96   bigflt0.o
      1936        128          0          0          0        672   btod.o
        18          0          0          0          0         80   exit.o
         6          0          0          0          0        152   heapauxi.o
         0          0          0          0          0          0   indicate_semi.o
        44         10         28          0          0         76   lc_numeric_c.o
         2          0          0          0          0          0   libinit.o
        18          0          0          0          0          0   libinit2.o
         2          0          0          0          0          0   libshutdown.o
         2          0          0          0          0          0   libshutdown2.o
         8          4          0          0         96         68   libspace.o
       138          0          0          0          0         80   lludiv10.o
         8          4          0          0          0         68   rt_locale_intlibspace.o
        68          0          0          0          0         68   rt_memclr.o
        78          0          0          0          0         80   rt_memclr_w.o
       138          0          0          0          0         68   rt_memcpy_v6.o
       100          0          0          0          0         80   rt_memcpy_w.o
         2          0          0          0          0          0   rtexit.o
        10          0          0          0          0          0   rtexit2.o
       128          0          0          0          0         68   strcmpv7m.o
        62          0          0          0          0         76   strlen.o
        12          4          0          0          0         68   sys_exit.o
        74          0          0          0          0         80   sys_stackheap_outer.o
         2          0          0          0          0         68   use_no_semi.o
        12          0          0          0          0         68   dretinf.o
        86          4          0          0          0         84   f2d.o
        12          4          0          0          0         68   fcheck1.o
        38          0          0          0          0         68   fflt_clz.o
       258          4          0          0          0         84   fmul.o
       140          4          0          0          0         84   fnaninf.o
        10          0          0          0          0         68   fretinf.o
         4          0          0          0          0         68   printf1.o
       100          0          0          0          0         68   retnan.o
        76          0          0          0          0         68   scalbnf.o
        48          0          0          0          0         68   trapv.o
         0          0          0          0          0          0   usenofp.o
        40          0          0          0          0         68   fpclassify.o

    ----------------------------------------------------------------------
      6056        226        196          0         96       3768   Library Totals
        12          0          3          0          0          0   (incl. Padding)

    ----------------------------------------------------------------------

      Code (inc. data)   RO Data    RW Data    ZI Data      Debug   Library Name

      5220        210        193          0         96       2904   c_w.l
       784         16          0          0          0        796   fz_ws.l
        40          0          0          0          0         68   m_ws.l

    ----------------------------------------------------------------------
      6056        226        196          0         96       3768   Library Totals

    ----------------------------------------------------------------------

==============================================================================


      Code (inc. data)   RO Data    RW Data    ZI Data      Debug   

     26576       1794        524        192       7824     704888   Grand Totals
     26576       1794        524        192       7824     704888   ELF Image Totals
     26576       1794        524        192          0          0   ROM Totals

==============================================================================

    Total RO  Size (Code + RO Data)                27100 (  26.46kB)
    Total RW  Size (RW Data + ZI Data)              8016 (   7.83kB)
    Total ROM Size (Code + RO Data + RW Data)      27292 (  26.65kB)

==============================================================================

